Starting a Gradle Daemon, 2 stopped Daemons could not be reused, use --status for details
> Task :expo-gradle-plugin:expo-autolinking-plugin-shared:checkKotlinGradlePluginConfigurationErrors SKIPPED
> Task :gradle-plugin:shared:checkKotlinGradlePluginConfigurationErrors SKIPPED
> Task :expo-gradle-plugin:expo-autolinking-settings-plugin:checkKotlinGradlePluginConfigurationErrors SKIPPED
> Task :gradle-plugin:settings-plugin:checkKotlinGradlePluginConfigurationErrors SKIPPED
> Task :expo-gradle-plugin:expo-autolinking-settings-plugin:pluginDescriptors UP-TO-DATE
> Task :gradle-plugin:settings-plugin:pluginDescriptors UP-TO-DATE
> Task :gradle-plugin:settings-plugin:processResources UP-TO-DATE
> Task :expo-gradle-plugin:expo-autolinking-settings-plugin:processResources UP-TO-DATE
> Task :gradle-plugin:shared:compileKotlin UP-TO-DATE
> Task :gradle-plugin:shared:compileJava NO-SOURCE
> Task :gradle-plugin:shared:processResources NO-SOURCE
> Task :gradle-plugin:shared:classes UP-TO-DATE
> Task :gradle-plugin:shared:jar UP-TO-DATE
> Task :expo-gradle-plugin:expo-autolinking-plugin-shared:compileKotlin UP-TO-DATE
> Task :expo-gradle-plugin:expo-autolinking-plugin-shared:compileJava NO-SOURCE
> Task :expo-gradle-plugin:expo-autolinking-plugin-shared:processResources NO-SOURCE
> Task :expo-gradle-plugin:expo-autolinking-plugin-shared:classes UP-TO-DATE
> Task :expo-gradle-plugin:expo-autolinking-plugin-shared:jar UP-TO-DATE
> Task :gradle-plugin:settings-plugin:compileKotlin UP-TO-DATE
> Task :gradle-plugin:settings-plugin:compileJava NO-SOURCE
> Task :gradle-plugin:settings-plugin:classes UP-TO-DATE
> Task :gradle-plugin:settings-plugin:jar UP-TO-DATE
> Task :expo-gradle-plugin:expo-autolinking-settings-plugin:compileKotlin UP-TO-DATE
> Task :expo-gradle-plugin:expo-autolinking-settings-plugin:compileJava NO-SOURCE
> Task :expo-gradle-plugin:expo-autolinking-settings-plugin:classes UP-TO-DATE
> Task :expo-gradle-plugin:expo-autolinking-settings-plugin:jar UP-TO-DATE
> Task :gradle-plugin:react-native-gradle-plugin:checkKotlinGradlePluginConfigurationErrors SKIPPED
> Task :expo-gradle-plugin:expo-autolinking-plugin:checkKotlinGradlePluginConfigurationErrors SKIPPED
> Task :expo-gradle-plugin:expo-max-sdk-override-plugin:checkKotlinGradlePluginConfigurationErrors SKIPPED
> Task :expo-dev-launcher-gradle-plugin:checkKotlinGradlePluginConfigurationErrors SKIPPED
> Task :expo-module-gradle-plugin:checkKotlinGradlePluginConfigurationErrors SKIPPED
> Task :expo-module-gradle-plugin:pluginDescriptors UP-TO-DATE
> Task :expo-dev-launcher-gradle-plugin:pluginDescriptors UP-TO-DATE
> Task :expo-module-gradle-plugin:processResources UP-TO-DATE
> Task :expo-dev-launcher-gradle-plugin:processResources UP-TO-DATE
> Task :expo-gradle-plugin:expo-autolinking-plugin:compileKotlin UP-TO-DATE
> Task :expo-gradle-plugin:expo-max-sdk-override-plugin:compileKotlin UP-TO-DATE
> Task :expo-gradle-plugin:expo-autolinking-plugin:compileJava NO-SOURCE
> Task :expo-gradle-plugin:expo-max-sdk-override-plugin:compileJava NO-SOURCE
> Task :expo-gradle-plugin:expo-max-sdk-override-plugin:pluginDescriptors UP-TO-DATE
> Task :expo-gradle-plugin:expo-autolinking-plugin:pluginDescriptors UP-TO-DATE
> Task :expo-gradle-plugin:expo-max-sdk-override-plugin:processResources UP-TO-DATE
> Task :expo-gradle-plugin:expo-max-sdk-override-plugin:classes UP-TO-DATE
> Task :expo-gradle-plugin:expo-autolinking-plugin:processResources UP-TO-DATE
> Task :expo-gradle-plugin:expo-autolinking-plugin:classes UP-TO-DATE
> Task :expo-gradle-plugin:expo-max-sdk-override-plugin:jar UP-TO-DATE
> Task :expo-gradle-plugin:expo-autolinking-plugin:jar UP-TO-DATE
> Task :gradle-plugin:react-native-gradle-plugin:compileKotlin UP-TO-DATE
> Task :gradle-plugin:react-native-gradle-plugin:compileJava NO-SOURCE
> Task :gradle-plugin:react-native-gradle-plugin:pluginDescriptors UP-TO-DATE
> Task :gradle-plugin:react-native-gradle-plugin:processResources UP-TO-DATE
> Task :gradle-plugin:react-native-gradle-plugin:classes UP-TO-DATE
> Task :gradle-plugin:react-native-gradle-plugin:jar UP-TO-DATE
> Task :expo-dev-launcher-gradle-plugin:compileKotlin UP-TO-DATE
> Task :expo-module-gradle-plugin:compileKotlin UP-TO-DATE
> Task :expo-dev-launcher-gradle-plugin:compileJava NO-SOURCE
> Task :expo-module-gradle-plugin:compileJava NO-SOURCE
> Task :expo-dev-launcher-gradle-plugin:classes UP-TO-DATE
> Task :expo-module-gradle-plugin:classes UP-TO-DATE
> Task :expo-dev-launcher-gradle-plugin:jar UP-TO-DATE
> Task :expo-module-gradle-plugin:jar UP-TO-DATE

> Configure project :
[32m[ExpoRootProject][0m Using the following versions:
  - buildTools:  [32m36.0.0[0m
  - minSdk:      [32m24[0m
  - compileSdk:  [32m36[0m
  - targetSdk:   [32m36[0m
  - ndk:         [32m27.1.12297006[0m
  - kotlin:      [32m2.1.20[0m
  - ksp:         [32m2.1.20-2.0.1[0m

> Configure project :app
 Γä╣∩╕Å  [33mApplying gradle plugin[0m '[32mexpo-max-sdk-override-plugin[0m'
  [expo-max-sdk-override-plugin] This plugin will find all permissions declared with `android:maxSdkVersion`. If there exists a declaration with the `android:maxSdkVersion` annotation and another one without, the plugin will remove the annotation from the final merged manifest. In order to see a log with the changes run a clean build of the app.
 Γä╣∩╕Å  [33mApplying gradle plugin[0m '[32mexpo-dev-launcher-gradle-plugin[0m'

> Configure project :expo

Using expo modules
  - [32mexpo-log-box[0m (55.0.7)
  - [32mexpo-constants[0m (55.0.7)
  - [32mexpo-dev-client[0m (55.0.13)
  - [32mexpo-dev-launcher[0m (55.0.14)
  - [32mexpo-dev-menu[0m (55.0.12)
  - [32mexpo-dev-menu-interface[0m (55.0.1)
  - [32mexpo-json-utils[0m (55.0.0)
  - [32mexpo-manifests[0m (55.0.9)

> Configure project :expo-modules-core
Linking react-native-worklets native libs into expo-modules-core build tasks
task ':react-native-worklets:mergeDebugNativeLibs'
task ':react-native-worklets:mergeReleaseNativeLibs'

> Configure project :expo
  - [32mexpo-modules-core[0m (55.0.14)
  - [32mexpo-updates-interface[0m (55.1.3)
  - [33m[≡ƒôª][0m [32mexpo-dom-webview[0m (55.0.3)
  - [33m[≡ƒôª][0m [32mexpo-asset[0m (55.0.8)
  - [33m[≡ƒôª][0m [32mexpo-file-system[0m (55.0.10)
  - [33m[≡ƒôª][0m [32mexpo-font[0m (55.0.4)
  - [33m[≡ƒôª][0m [32mexpo-keep-awake[0m (55.0.4)


> Configure project :react-native-vision-camera
[VisionCamera] Thank you for using VisionCamera Γ¥ñ∩╕Å
[VisionCamera] If you enjoy using VisionCamera, please consider sponsoring this project: https://github.com/sponsors/mrousavy
[VisionCamera] node_modules found at C:\Users\juanp\OneDrive\Escritorio\CashLens\node_modules
[VisionCamera] VisionCamera_enableFrameProcessors is set to true!
[VisionCamera] react-native-worklets-core found, Frame Processors are enabled!
[VisionCamera] VisionCamera_enableCodeScanner is set to false!

> Task :expo-modules-core:preBuild UP-TO-DATE
> Task :expo-dev-menu:preBuild UP-TO-DATE
> Task :expo-dev-menu-interface:preBuild UP-TO-DATE
> Task :expo-manifests:preBuild UP-TO-DATE
> Task :expo-dev-launcher:preBuild UP-TO-DATE
> Task :expo-updates-interface:preBuild UP-TO-DATE
> Task :expo-dev-client:preBuild UP-TO-DATE
> Task :expo-json-utils:preBuild UP-TO-DATE
> Task :expo-log-box:preBuild UP-TO-DATE
> Task :react-native-sound:preBuild UP-TO-DATE
> Task :expo-dev-launcher:preDebugBuild UP-TO-DATE
> Task :expo-dev-client:preDebugBuild UP-TO-DATE
> Task :expo-dev-menu-interface:preDebugBuild UP-TO-DATE
> Task :expo-dev-menu:preDebugBuild UP-TO-DATE
> Task :expo-log-box:preDebugBuild UP-TO-DATE
> Task :expo-json-utils:preDebugBuild UP-TO-DATE
> Task :expo-manifests:preDebugBuild UP-TO-DATE
> Task :expo:generatePackagesList
> Task :expo:preBuild
> Task :expo:preDebugBuild
> Task :expo-manifests:writeDebugAarMetadata
> Task :expo-dev-launcher:writeDebugAarMetadata
> Task :expo-json-utils:writeDebugAarMetadata
> Task :expo-log-box:writeDebugAarMetadata
> Task :expo-dev-client:writeDebugAarMetadata
> Task :expo:writeDebugAarMetadata
> Task :expo-dev-menu-interface:writeDebugAarMetadata
> Task :expo-dev-menu:writeDebugAarMetadata
> Task :expo-updates-interface:preDebugBuild UP-TO-DATE
> Task :expo-modules-core:preDebugBuild UP-TO-DATE
> Task :react-native-sound:preDebugBuild UP-TO-DATE
> Task :expo-dev-menu:generateDebugResValues
> Task :expo-dev-launcher:generateDebugResValues
> Task :expo:generateDebugResValues
> Task :expo-dev-client:generateDebugResValues
> Task :expo-dev-menu-interface:generateDebugResValues
> Task :expo-updates-interface:writeDebugAarMetadata
> Task :react-native-sound:writeDebugAarMetadata
> Task :expo-modules-core:writeDebugAarMetadata
> Task :expo-manifests:generateDebugResValues
> Task :expo-log-box:generateDebugResValues
> Task :expo-json-utils:generateDebugResValues
> Task :expo:generateDebugResources
> Task :expo-manifests:generateDebugResources
> Task :expo-dev-client:generateDebugResources
> Task :expo-json-utils:generateDebugResources
> Task :expo-dev-launcher:generateDebugResources
> Task :expo-dev-menu-interface:generateDebugResources
> Task :expo-log-box:generateDebugResources
> Task :expo-dev-menu:generateDebugResources
> Task :react-native-worklets:assertMinimalReactNativeVersionTask
> Task :react-native-reanimated:assertMinimalReactNativeVersionTask
> Task :react-native-worklets:assertNewArchitectureEnabledTask SKIPPED
> Task :react-native-reanimated:assertNewArchitectureEnabledTask SKIPPED
> Task :expo:packageDebugResources
> Task :expo-dev-menu-interface:packageDebugResources
> Task :expo-manifests:packageDebugResources
> Task :expo-json-utils:packageDebugResources
> Task :expo-log-box:packageDebugResources
> Task :expo-dev-client:packageDebugResources
> Task :react-native-sound:generateDebugResValues
> Task :expo-modules-core:generateDebugResValues
> Task :expo-updates-interface:generateDebugResValues
> Task :expo-dev-menu-interface:extractDeepLinksDebug
> Task :expo-dev-client:extractDeepLinksDebug
> Task :expo:extractDeepLinksDebug
> Task :expo-updates-interface:generateDebugResources
> Task :expo-modules-core:generateDebugResources
> Task :react-native-sound:generateDebugResources
> Task :expo-updates-interface:packageDebugResources
> Task :expo-modules-core:packageDebugResources
> Task :react-native-sound:packageDebugResources
> Task :expo-manifests:extractDeepLinksDebug
> Task :expo-json-utils:extractDeepLinksDebug
> Task :expo-log-box:extractDeepLinksDebug

> Task :expo-constants:createExpoConfig
.\gradlew.bat : The NODE_ENV environment variable is required but was not 
specified. Ensure the project is bundled with Expo CLI or NODE_ENV is set. 
Using only .env.local and .env
En línea: 1 Carácter: 23
+ Set-Location android; .\gradlew.bat installDebug 2>&1 | Tee-Object -F ...
+                       ~~~~~~~~~~~~~~~~~~~~~~~~~~~~~~~
    + CategoryInfo          : NotSpecified: (The NODE_ENV en....local and .env 
   :String) [], RemoteException
    + FullyQualifiedErrorId : NativeCommandError
 

> Task :expo-constants:preBuild
> Task :expo-constants:preDebugBuild
> Task :expo-constants:writeDebugAarMetadata
> Task :expo-constants:generateDebugResValues
> Task :expo-constants:generateDebugResources
> Task :expo-constants:packageDebugResources
> Task :expo-constants:extractDeepLinksDebug
> Task :expo-dev-menu:packageDebugResources
> Task :expo-dev-launcher:packageDebugResources
> Task :expo-dev-launcher:extractDeepLinksDebug
> Task :expo-dev-menu:extractDeepLinksDebug
> Task :react-native-reanimated:assertWorkletsVersionTask
> Task :expo-log-box:processDebugManifest
> Task :expo-json-utils:processDebugManifest
> Task :expo-constants:processDebugManifest
> Task :expo-dev-menu:processDebugManifest
> Task :expo-manifests:processDebugManifest
> Task :expo-dev-client:processDebugManifest
> Task :expo-dev-menu-interface:processDebugManifest
> Task :expo-dev-launcher:processDebugManifest
> Task :expo:processDebugManifest
> Task :expo-updates-interface:extractDeepLinksDebug
> Task :react-native-sound:extractDeepLinksDebug
> Task :expo-modules-core:extractDeepLinksDebug
> Task :expo-updates-interface:processDebugManifest

> Task :react-native-sound:processDebugManifest
package="com.zmxv.RNSound" found in source AndroidManifest.xml: C:\Users\juanp\OneDrive\Escritorio\CashLens\node_modules\react-native-sound\android\src\main\AndroidManifest.xml.
Setting the namespace via the package attribute in the source AndroidManifest.xml is no longer supported, and the value is ignored.
Recommendation: remove package="com.zmxv.RNSound" from the source AndroidManifest.xml: C:\Users\juanp\OneDrive\Escritorio\CashLens\node_modules\react-native-sound\android\src\main\AndroidManifest.xml.

> Task :expo-modules-core:processDebugManifest
C:\Users\juanp\OneDrive\Escritorio\CashLens\node_modules\expo-modules-core\android\src\main\AndroidManifest.xml:8:9-11:45 Warning:
	meta-data#com.facebook.soloader.enabled@android:value was tagged at AndroidManifest.xml:8 to replace other declarations but no other declaration present

> Task :expo-manifests:parseDebugLocalResources
> Task :expo-manifests:generateDebugRFile
> Task :expo-modules-core:parseDebugLocalResources
> Task :expo-modules-core:generateDebugRFile
> Task :expo-updates-interface:parseDebugLocalResources
> Task :expo-updates-interface:generateDebugRFile
> Task :react-native-sound:parseDebugLocalResources
> Task :react-native-sound:generateDebugRFile
> Task :expo-modules-core:checkKotlinGradlePluginConfigurationErrors SKIPPED
> Task :expo-modules-core:generateDebugBuildConfig

> Task :vision-camera-resize-plugin:generateCodegenSchemaFromJavaScript
No modules to process in combine-js-to-schema-cli. If this is unexpected, 
please check if you set up your NativeComponent correctly. See 
combine-js-to-schema.js for how codegen finds modules.

> Task :react-native-worklets:generateCodegenSchemaFromJavaScript
> Task :react-native-fast-tflite:generateCodegenSchemaFromJavaScript
> Task :react-native-worklets-core:generateCodegenSchemaFromJavaScript
> Task :react-native-reanimated:generateCodegenSchemaFromJavaScript

> Task :react-native-vision-camera:generateCodegenSchemaFromJavaScript
No modules to process in combine-js-to-schema-cli. If this is unexpected, 
please check if you set up your NativeComponent correctly. See 
combine-js-to-schema.js for how codegen finds modules.

> Task :expo-modules-core:javaPreCompileDebug
> Task :expo-manifests:checkKotlinGradlePluginConfigurationErrors SKIPPED
> Task :expo-manifests:generateDebugBuildConfig
> Task :expo-dev-menu-interface:compileDebugLibraryResources
> Task :expo-dev-menu-interface:parseDebugLocalResources
> Task :expo-dev-menu-interface:generateDebugRFile
> Task :expo-manifests:javaPreCompileDebug
> Task :expo-dev-menu-interface:checkKotlinGradlePluginConfigurationErrors SKIPPED
> Task :expo-dev-menu-interface:generateDebugBuildConfig
> Task :expo-constants:compileDebugLibraryResources
> Task :expo-manifests:compileDebugLibraryResources
> Task :expo-constants:parseDebugLocalResources
> Task :expo-modules-core:compileDebugLibraryResources
> Task :expo-dev-launcher:parseDebugLocalResources
> Task :expo-dev-launcher:generateDebugRFile
> Task :expo-log-box:compileDebugLibraryResources
> Task :expo-dev-menu:parseDebugLocalResources
> Task :expo-dev-menu:generateDebugRFile
> Task :expo:compileDebugLibraryResources
> Task :expo-dev-menu-interface:javaPreCompileDebug
> Task :expo:parseDebugLocalResources
> Task :expo-log-box:parseDebugLocalResources
> Task :react-native-sound:compileDebugLibraryResources
> Task :expo:checkKotlinGradlePluginConfigurationErrors SKIPPED
> Task :expo-constants:generateDebugRFile
> Task :expo-updates-interface:compileDebugLibraryResources
> Task :expo:generateDebugRFile
> Task :expo-constants:checkKotlinGradlePluginConfigurationErrors SKIPPED
> Task :expo:generateDebugBuildConfig
> Task :expo-dev-client:checkKotlinGradlePluginConfigurationErrors SKIPPED
> Task :expo-dev-launcher:compileDebugLibraryResources
> Task :expo-dev-launcher:checkKotlinGradlePluginConfigurationErrors SKIPPED
> Task :expo-constants:generateDebugBuildConfig
> Task :expo-log-box:generateDebugRFile
> Task :expo-dev-menu:checkKotlinGradlePluginConfigurationErrors SKIPPED
> Task :expo-dev-menu:compileDebugLibraryResources
> Task :expo-json-utils:checkKotlinGradlePluginConfigurationErrors SKIPPED
> Task :expo-json-utils:generateDebugBuildConfig
> Task :expo-dev-menu:generateDebugBuildConfig
> Task :expo-json-utils:javaPreCompileDebug
> Task :expo-updates-interface:checkKotlinGradlePluginConfigurationErrors SKIPPED
> Task :expo-updates-interface:generateDebugBuildConfig
> Task :expo-dev-client:compileDebugLibraryResources
> Task :expo-log-box:checkKotlinGradlePluginConfigurationErrors SKIPPED
> Task :expo-log-box:generateDebugBuildConfig
> Task :expo-dev-menu:javaPreCompileDebug
> Task :expo-updates-interface:javaPreCompileDebug
> Task :react-native-sound:generateDebugBuildConfig
> Task :expo-log-box:javaPreCompileDebug
> Task :expo-constants:javaPreCompileDebug
> Task :expo:mergeDebugShaders
> Task :expo:compileDebugShaders NO-SOURCE
> Task :expo:generateDebugAssets UP-TO-DATE
> Task :expo-json-utils:compileDebugLibraryResources
> Task :expo-constants:mergeDebugShaders
> Task :expo-constants:compileDebugShaders NO-SOURCE
> Task :expo-constants:generateDebugAssets UP-TO-DATE
> Task :expo-constants:mergeDebugAssets
> Task :expo-dev-menu-interface:mergeDebugShaders
> Task :expo-dev-menu-interface:compileDebugShaders NO-SOURCE
> Task :expo-dev-menu-interface:generateDebugAssets UP-TO-DATE
> Task :expo:javaPreCompileDebug
> Task :expo:mergeDebugAssets
> Task :expo-dev-menu:mergeDebugShaders
> Task :expo-dev-client:parseDebugLocalResources
> Task :expo-dev-menu:compileDebugShaders NO-SOURCE
> Task :expo-dev-menu:generateDebugAssets UP-TO-DATE
> Task :expo-dev-menu-interface:mergeDebugAssets
> Task :react-native-sound:javaPreCompileDebug
> Task :react-native-fast-tflite:generateCodegenArtifactsFromSchema
> Task :react-native-fast-tflite:preBuild
> Task :react-native-fast-tflite:preDebugBuild
> Task :vision-camera-resize-plugin:generateCodegenArtifactsFromSchema
> Task :vision-camera-resize-plugin:preBuild
> Task :vision-camera-resize-plugin:preDebugBuild
> Task :react-native-vision-camera:generateCodegenArtifactsFromSchema
> Task :react-native-reanimated:generateCodegenArtifactsFromSchema
> Task :react-native-worklets:generateCodegenArtifactsFromSchema
> Task :react-native-worklets-core:generateCodegenArtifactsFromSchema
> Task :react-native-vision-camera:prepareHeaders
> Task :react-native-vision-camera:preBuild
> Task :react-native-vision-camera:preDebugBuild
> Task :react-native-worklets-core:prepareHeaders
> Task :react-native-worklets-core:preBuild
> Task :react-native-worklets-core:preDebugBuild
> Task :react-native-worklets:prepareWorkletsHeadersForPrefabs
> Task :react-native-worklets-core:writeDebugAarMetadata
> Task :react-native-worklets:preBuild
> Task :react-native-worklets:preDebugBuild
> Task :react-native-worklets:writeDebugAarMetadata
> Task :react-native-fast-tflite:generateDebugResValues
> Task :react-native-fast-tflite:generateDebugResources
> Task :react-native-fast-tflite:packageDebugResources
> Task :react-native-vision-camera:generateDebugResValues
> Task :react-native-reanimated:prepareReanimatedHeadersForPrefabs
> Task :react-native-vision-camera:generateDebugResources
> Task :react-native-reanimated:preBuild
> Task :react-native-reanimated:preDebugBuild
> Task :react-native-vision-camera:packageDebugResources
> Task :react-native-reanimated:generateDebugResValues
> Task :react-native-reanimated:generateDebugResources
> Task :react-native-reanimated:packageDebugResources
> Task :react-native-worklets:generateDebugResValues
> Task :react-native-worklets:generateDebugResources
> Task :react-native-worklets:packageDebugResources
> Task :react-native-worklets-core:generateDebugResValues
> Task :react-native-worklets-core:generateDebugResources
> Task :react-native-worklets-core:packageDebugResources
> Task :vision-camera-resize-plugin:generateDebugResValues
> Task :vision-camera-resize-plugin:generateDebugResources
> Task :react-native-vision-camera:writeDebugAarMetadata
> Task :react-native-fast-tflite:extractDeepLinksDebug
> Task :vision-camera-resize-plugin:packageDebugResources
> Task :react-native-reanimated:extractDeepLinksDebug
> Task :vision-camera-resize-plugin:writeDebugAarMetadata
> Task :react-native-vision-camera:extractDeepLinksDebug

> Task :react-native-fast-tflite:processDebugManifest
package="com.tflite" found in source AndroidManifest.xml: C:\Users\juanp\OneDrive\Escritorio\CashLens\node_modules\react-native-fast-tflite\android\src\main\AndroidManifest.xml.
Setting the namespace via the package attribute in the source AndroidManifest.xml is no longer supported, and the value is ignored.
Recommendation: remove package="com.tflite" from the source AndroidManifest.xml: C:\Users\juanp\OneDrive\Escritorio\CashLens\node_modules\react-native-fast-tflite\android\src\main\AndroidManifest.xml.

> Task :react-native-worklets:extractDeepLinksDebug
> Task :expo-log-box:mergeDebugShaders
> Task :react-native-worklets-core:extractDeepLinksDebug
> Task :react-native-fast-tflite:writeDebugAarMetadata
> Task :vision-camera-resize-plugin:extractDeepLinksDebug
> Task :react-native-reanimated:processDebugManifest
> Task :expo-dev-client:generateDebugRFile
> Task :expo-dev-menu:mergeDebugAssets
> Task :react-native-worklets:processDebugManifest
> Task :react-native-vision-camera:processDebugManifest
> Task :react-native-reanimated:compileDebugLibraryResources
> Task :react-native-reanimated:parseDebugLocalResources

> Task :react-native-worklets-core:processDebugManifest
package="com.worklets" found in source AndroidManifest.xml: C:\Users\juanp\OneDrive\Escritorio\CashLens\node_modules\react-native-worklets-core\android\src\main\AndroidManifest.xml.
Setting the namespace via the package attribute in the source AndroidManifest.xml is no longer supported, and the value is ignored.
Recommendation: remove package="com.worklets" from the source AndroidManifest.xml: C:\Users\juanp\OneDrive\Escritorio\CashLens\node_modules\react-native-worklets-core\android\src\main\AndroidManifest.xml.

> Task :react-native-vision-camera:compileDebugLibraryResources
> Task :expo-json-utils:mergeDebugShaders
> Task :react-native-worklets:compileDebugLibraryResources
> Task :expo-json-utils:parseDebugLocalResources
> Task :react-native-worklets:parseDebugLocalResources
> Task :expo-json-utils:generateDebugRFile
> Task :react-native-worklets-core:compileDebugLibraryResources
> Task :react-native-worklets-core:parseDebugLocalResources
> Task :vision-camera-resize-plugin:processDebugManifest
> Task :expo-dev-client:dataBindingMergeDependencyArtifactsDebug
> Task :react-native-fast-tflite:parseDebugLocalResources
> Task :react-native-fast-tflite:compileDebugLibraryResources
> Task :react-native-reanimated:writeDebugAarMetadata
> Task :react-native-worklets:generateDebugBuildConfig
> Task :react-native-reanimated:generateDebugRFile
> Task :react-native-vision-camera:parseDebugLocalResources
> Task :react-native-fast-tflite:generateDebugBuildConfig
> Task :react-native-worklets:generateDebugRFile
> Task :react-native-vision-camera:generateDebugRFile
> Task :react-native-vision-camera:checkKotlinGradlePluginConfigurationErrors SKIPPED
> Task :react-native-worklets:javaPreCompileDebug
> Task :react-native-reanimated:generateDebugBuildConfig
> Task :react-native-reanimated:javaPreCompileDebug
> Task :react-native-vision-camera:generateDebugBuildConfig
> Task :react-native-fast-tflite:javaPreCompileDebug
> Task :react-native-fast-tflite:generateDebugRFile
> Task :vision-camera-resize-plugin:checkKotlinGradlePluginConfigurationErrors SKIPPED
> Task :react-native-worklets-core:generateDebugBuildConfig
> Task :vision-camera-resize-plugin:generateDebugBuildConfig
> Task :vision-camera-resize-plugin:javaPreCompileDebug
> Task :expo-json-utils:compileDebugShaders NO-SOURCE
> Task :expo-json-utils:generateDebugAssets UP-TO-DATE
> Task :vision-camera-resize-plugin:parseDebugLocalResources
> Task :react-native-vision-camera:javaPreCompileDebug
> Task :expo-log-box:compileDebugShaders NO-SOURCE
> Task :expo-log-box:generateDebugAssets UP-TO-DATE
> Task :expo-log-box:mergeDebugAssets
> Task :react-native-worklets-core:generateDebugRFile
> Task :vision-camera-resize-plugin:compileDebugLibraryResources
> Task :expo-json-utils:mergeDebugAssets
> Task :react-native-worklets-core:javaPreCompileDebug
> Task :react-native-reanimated:mergeDebugShaders
> Task :react-native-reanimated:compileDebugShaders NO-SOURCE
> Task :react-native-reanimated:generateDebugAssets UP-TO-DATE
> Task :vision-camera-resize-plugin:generateDebugRFile
> Task :expo-manifests:mergeDebugShaders
> Task :expo-manifests:compileDebugShaders NO-SOURCE
> Task :expo-manifests:generateDebugAssets UP-TO-DATE
> Task :react-native-vision-camera:mergeDebugShaders
> Task :react-native-reanimated:mergeDebugAssets
> Task :expo-modules-core:mergeDebugShaders
> Task :expo-manifests:mergeDebugAssets
> Task :react-native-vision-camera:compileDebugShaders NO-SOURCE
> Task :expo-modules-core:compileDebugShaders NO-SOURCE
> Task :expo-modules-core:generateDebugAssets UP-TO-DATE
> Task :react-native-vision-camera:generateDebugAssets UP-TO-DATE
> Task :react-native-reanimated:processDebugJavaRes NO-SOURCE
> Task :vision-camera-resize-plugin:mergeDebugShaders
> Task :react-native-vision-camera:mergeDebugAssets
> Task :vision-camera-resize-plugin:compileDebugShaders NO-SOURCE
> Task :vision-camera-resize-plugin:generateDebugAssets UP-TO-DATE
> Task :expo-updates-interface:mergeDebugShaders
> Task :expo-updates-interface:compileDebugShaders NO-SOURCE
> Task :expo-updates-interface:generateDebugAssets UP-TO-DATE
> Task :expo-constants:mergeDebugJniLibFolders
> Task :vision-camera-resize-plugin:mergeDebugAssets
> Task :expo-constants:mergeDebugNativeLibs NO-SOURCE
> Task :expo-updates-interface:mergeDebugAssets
> Task :expo-modules-core:mergeDebugAssets
> Task :expo-json-utils:mergeDebugJniLibFolders
> Task :expo-dev-menu-interface:mergeDebugJniLibFolders
> Task :expo-json-utils:mergeDebugNativeLibs NO-SOURCE
> Task :expo-dev-menu-interface:mergeDebugNativeLibs NO-SOURCE
> Task :expo-constants:copyDebugJniLibsProjectOnly
> Task :expo-json-utils:copyDebugJniLibsProjectOnly
> Task :expo-dev-menu:mergeDebugJniLibFolders
> Task :expo-dev-menu:mergeDebugNativeLibs NO-SOURCE
> Task :expo-log-box:mergeDebugJniLibFolders
> Task :expo-log-box:mergeDebugNativeLibs NO-SOURCE
> Task :expo-dev-menu:copyDebugJniLibsProjectOnly
> Task :expo-dev-menu-interface:copyDebugJniLibsProjectOnly
> Task :expo-manifests:mergeDebugJniLibFolders
> Task :expo-manifests:mergeDebugNativeLibs NO-SOURCE
> Task :expo-modules-core:mergeDebugJniLibFolders
> Task :expo-updates-interface:mergeDebugJniLibFolders
> Task :expo-updates-interface:mergeDebugNativeLibs NO-SOURCE
> Task :expo-log-box:copyDebugJniLibsProjectOnly
> Task :react-native-vision-camera:mergeDebugJniLibFolders
> Task :vision-camera-resize-plugin:mergeDebugJniLibFolders
> Task :expo:mergeDebugJniLibFolders
> Task :expo:mergeDebugNativeLibs NO-SOURCE
> Task :expo-manifests:copyDebugJniLibsProjectOnly
> Task :expo-updates-interface:copyDebugJniLibsProjectOnly
> Task :expo-dev-client:dataBindingGenBaseClassesDebug
> Task :expo-dev-client:generateDebugBuildConfig
> Task :expo-dev-client:javaPreCompileDebug
> Task :react-native-reanimated:mergeDebugJniLibFolders
> Task :expo:copyDebugJniLibsProjectOnly
> Task :expo-dev-client:mergeDebugShaders
> Task :expo-dev-client:compileDebugShaders NO-SOURCE
> Task :expo-dev-client:generateDebugAssets UP-TO-DATE
> Task :expo-dev-client:mergeDebugAssets
> Task :expo-dev-client:mergeDebugJniLibFolders
> Task :expo-dev-client:mergeDebugNativeLibs NO-SOURCE
> Task :expo-dev-client:copyDebugJniLibsProjectOnly

> Task :react-native-sound:compileDebugJavaWithJavac
C:\Users\juanp\OneDrive\Escritorio\CashLens\node_modules\react-native-sound\and
roid\src\main\java\com\zmxv\RNSound\RNSoundModule.java:338: warning: [removal] 
onCatalystInstanceDestroy() in NativeModule has been deprecated and marked for 
removal
  public void onCatalystInstanceDestroy() {
              ^
Note: Some input files use or override a deprecated API.
Note: Recompile with -Xlint:deprecation for details.
1 warning

> Task :app:checkKotlinGradlePluginConfigurationErrors SKIPPED

> Task :react-native-worklets:compileDebugJavaWithJavac
Note: C:\Users\juanp\OneDrive\Escritorio\CashLens\node_modules\react-native-wor
klets\android\src\main\java\com\swmansion\worklets\WorkletsMessageQueueThreadBa
se.java uses or overrides a deprecated API.
Note: Recompile with -Xlint:deprecation for details.
Note: C:\Users\juanp\OneDrive\Escritorio\CashLens\node_modules\react-native-wor
klets\android\src\main\java\com\swmansion\worklets\WorkletsPackage.java uses 
unchecked or unsafe operations.
Note: Recompile with -Xlint:unchecked for details.

> Task :app:generateAutolinkingNewArchitectureFiles
> Task :app:generateAutolinkingPackageList
> Task :app:generateCodegenSchemaFromJavaScript SKIPPED
> Task :app:generateCodegenArtifactsFromSchema SKIPPED
> Task :app:generateReactNativeEntryPoint
> Task :app:preBuild
> Task :app:preDebugBuild
> Task :app:generateDebugBuildConfig

> Task :react-native-fast-tflite:compileDebugJavaWithJavac
Note: Some input files use or override a deprecated API.
Note: Recompile with -Xlint:deprecation for details.

> Task :react-native-worklets-core:compileDebugJavaWithJavac
Note: Some input files use or override a deprecated API.
Note: Recompile with -Xlint:deprecation for details.

> Task :react-native-worklets:mergeDebugShaders
> Task :react-native-sound:mergeDebugShaders
> Task :react-native-fast-tflite:mergeDebugShaders
> Task :react-native-worklets-core:mergeDebugShaders
> Task :react-native-fast-tflite:compileDebugShaders NO-SOURCE
> Task :react-native-worklets:compileDebugShaders NO-SOURCE
> Task :react-native-worklets-core:compileDebugShaders NO-SOURCE
> Task :react-native-sound:compileDebugShaders NO-SOURCE
> Task :react-native-fast-tflite:generateDebugAssets UP-TO-DATE
> Task :react-native-sound:generateDebugAssets UP-TO-DATE
> Task :react-native-worklets-core:generateDebugAssets UP-TO-DATE
> Task :react-native-worklets:generateDebugAssets UP-TO-DATE
> Task :react-native-worklets:mergeDebugAssets
> Task :react-native-sound:mergeDebugAssets
> Task :react-native-worklets-core:mergeDebugAssets
> Task :react-native-worklets:processDebugJavaRes NO-SOURCE
> Task :react-native-sound:processDebugJavaRes NO-SOURCE
> Task :react-native-worklets-core:processDebugJavaRes NO-SOURCE
> Task :react-native-sound:mergeDebugJniLibFolders
> Task :react-native-sound:mergeDebugNativeLibs NO-SOURCE
> Task :react-native-sound:copyDebugJniLibsProjectOnly
> Task :react-native-worklets-core:bundleLibRuntimeToJarDebug
> Task :react-native-fast-tflite:bundleLibCompileToJarDebug
> Task :react-native-worklets-core:bundleLibCompileToJarDebug
> Task :react-native-sound:bundleLibRuntimeToJarDebug
> Task :react-native-sound:bundleLibCompileToJarDebug
> Task :react-native-worklets:bundleLibRuntimeToJarDebug
> Task :react-native-worklets:bundleLibCompileToJarDebug
> Task :react-native-fast-tflite:mergeDebugAssets
> Task :react-native-fast-tflite:processDebugJavaRes NO-SOURCE
> Task :react-native-fast-tflite:bundleLibRuntimeToJarDebug
> Task :react-native-fast-tflite:extractAARHeaders
> Task :react-native-fast-tflite:extractSOFiles

> Task :react-native-reanimated:compileDebugJavaWithJavac
Note: Some input files use or override a deprecated API.
Note: Recompile with -Xlint:deprecation for details.
Note: Some input files use unchecked or unsafe operations.
Note: Recompile with -Xlint:unchecked for details.

> Task :react-native-reanimated:bundleLibCompileToJarDebug
> Task :react-native-reanimated:bundleLibRuntimeToJarDebug
> Task :expo-dev-launcher:dataBindingMergeDependencyArtifactsDebug
> Task :app:checkDebugAarMetadata
> Task :react-native-worklets:configureCMakeDebug[arm64-v8a]
> Task :react-native-worklets-core:configureCMakeDebug[arm64-v8a]
> Task :react-native-fast-tflite:configureCMakeDebug[arm64-v8a]
> Task :expo-modules-core:compileDebugKotlin
> Task :react-native-vision-camera:compileDebugKotlin
w: file:///C:/Users/juanp/OneDrive/Escritorio/CashLens/node_modules/react-native-vision-camera/android/src/main/java/com/mrousavy/camera/core/MetadataProvider.kt:44:25 'fun requestSingleUpdate(p0: String, p1: LocationListener, p2: Looper?): Unit' is deprecated. Deprecated in Java.
w: file:///C:/Users/juanp/OneDrive/Escritorio/CashLens/node_modules/react-native-vision-camera/android/src/main/java/com/mrousavy/camera/core/utils/CamcorderProfileUtils.kt:71:42 'static fun get(p0: Int, p1: Int): CamcorderProfile!' is deprecated. Deprecated in Java.
w: file:///C:/Users/juanp/OneDrive/Escritorio/CashLens/node_modules/react-native-vision-camera/android/src/main/java/com/mrousavy/camera/core/utils/CamcorderProfileUtils.kt:96:42 'static fun get(p0: Int, p1: Int): CamcorderProfile!' is deprecated. Deprecated in Java.
w: file:///C:/Users/juanp/OneDrive/Escritorio/CashLens/node_modules/react-native-vision-camera/android/src/main/java/com/mrousavy/camera/core/utils/CamcorderProfileUtils.kt:121:42 'static fun get(p0: Int, p1: Int): CamcorderProfile!' is deprecated. Deprecated in Java.
w: file:///C:/Users/juanp/OneDrive/Escritorio/CashLens/node_modules/react-native-vision-camera/android/src/main/java/com/mrousavy/camera/frameprocessors/VisionCameraProxy.kt:33:56 'val jsCallInvokerHolder: CallInvokerHolder' is deprecated. Use ReactContext.getJSCallInvokerHolder instead.
w: file:///C:/Users/juanp/OneDrive/Escritorio/CashLens/node_modules/react-native-vision-camera/android/src/main/java/com/mrousavy/camera/react/CameraPackage.kt:9:16 This declaration overrides a deprecated member but is not marked as deprecated itself. Add the '@Deprecated' annotation or suppress the diagnostic.
w: file:///C:/Users/juanp/OneDrive/Escritorio/CashLens/node_modules/react-native-vision-camera/android/src/main/java/com/mrousavy/camera/react/CameraViewManager.kt:4:8 'object MapBuilder : Any' is deprecated. Use Kotlin's built-in collections extensions.
w: file:///C:/Users/juanp/OneDrive/Escritorio/CashLens/node_modules/react-native-vision-camera/android/src/main/java/com/mrousavy/camera/react/CameraViewManager.kt:31:5 'object MapBuilder : Any' is deprecated. Use Kotlin's built-in collections extensions.
w: file:///C:/Users/juanp/OneDrive/Escritorio/CashLens/node_modules/react-native-vision-camera/android/src/main/java/com/mrousavy/camera/react/CameraViewManager.kt:32:45 'object MapBuilder : Any' is deprecated. Use Kotlin's built-in collections extensions.
w: file:///C:/Users/juanp/OneDrive/Escritorio/CashLens/node_modules/react-native-vision-camera/android/src/main/java/com/mrousavy/camera/react/CameraViewManager.kt:33:47 'object MapBuilder : Any' is deprecated. Use Kotlin's built-in collections extensions.
w: file:///C:/Users/juanp/OneDrive/Escritorio/CashLens/node_modules/react-native-vision-camera/android/src/main/java/com/mrousavy/camera/react/CameraViewManager.kt:34:43 'object MapBuilder : Any' is deprecated. Use Kotlin's built-in collections extensions.
w: file:///C:/Users/juanp/OneDrive/Escritorio/CashLens/node_modules/react-native-vision-camera/android/src/main/java/com/mrousavy/camera/react/CameraViewManager.kt:35:43 'object MapBuilder : Any' is deprecated. Use Kotlin's built-in collections extensions.
w: file:///C:/Users/juanp/OneDrive/Escritorio/CashLens/node_modules/react-native-vision-camera/android/src/main/java/com/mrousavy/camera/react/CameraViewManager.kt:36:43 'object MapBuilder : Any' is deprecated. Use Kotlin's built-in collections extensions.
w: file:///C:/Users/juanp/OneDrive/Escritorio/CashLens/node_modules/react-native-vision-camera/android/src/main/java/com/mrousavy/camera/react/CameraViewManager.kt:37:41 'object MapBuilder : Any' is deprecated. Use Kotlin's built-in collections extensions.
w: file:///C:/Users/juanp/OneDrive/Escritorio/CashLens/node_modules/react-native-vision-camera/android/src/main/java/com/mrousavy/camera/react/CameraViewManager.kt:38:47 'object MapBuilder : Any' is deprecated. Use Kotlin's built-in collections extensions.
w: file:///C:/Users/juanp/OneDrive/Escritorio/CashLens/node_modules/react-native-vision-camera/android/src/main/java/com/mrousavy/camera/react/CameraViewManager.kt:39:50 'object MapBuilder : Any' is deprecated. Use Kotlin's built-in collections extensions.
w: file:///C:/Users/juanp/OneDrive/Escritorio/CashLens/node_modules/react-native-vision-camera/android/src/main/java/com/mrousavy/camera/react/CameraViewManager.kt:40:50 'object MapBuilder : Any' is deprecated. Use Kotlin's built-in collections extensions.
w: file:///C:/Users/juanp/OneDrive/Escritorio/CashLens/node_modules/react-native-vision-camera/android/src/main/java/com/mrousavy/camera/react/CameraViewManager.kt:41:60 'object MapBuilder : Any' is deprecated. Use Kotlin's built-in collections extensions.
w: file:///C:/Users/juanp/OneDrive/Escritorio/CashLens/node_modules/react-native-vision-camera/android/src/main/java/com/mrousavy/camera/react/CameraViewManager.kt:42:61 'object MapBuilder : Any' is deprecated. Use Kotlin's built-in collections extensions.
w: file:///C:/Users/juanp/OneDrive/Escritorio/CashLens/node_modules/react-native-vision-camera/android/src/main/java/com/mrousavy/camera/react/CameraViewManager.kt:43:47 'object MapBuilder : Any' is deprecated. Use Kotlin's built-in collections extensions.
w: file:///C:/Users/juanp/OneDrive/Escritorio/CashLens/node_modules/react-native-vision-camera/android/src/main/java/com/mrousavy/camera/react/CameraViewModule.kt:72:112 'val DEFAULT: Int' is deprecated. UIManagerType.DEFAULT will be deleted in the next release of React Native. Use [LEGACY] instead.

> Task :expo-modules-core:compileDebugKotlin
w: file:///C:/Users/juanp/OneDrive/Escritorio/CashLens/node_modules/expo-modules-core/android/src/main/java/expo/modules/apploader/AppLoaderProvider.kt:34:52 Unchecked cast of 'Class<*>!' to 'Class<out HeadlessAppLoader>'.
w: file:///C:/Users/juanp/OneDrive/Escritorio/CashLens/node_modules/expo-modules-core/android/src/main/java/expo/modules/kotlin/AppContext.kt:13:8 'class UIManagerModule : ReactContextBaseJavaModule, OnBatchCompleteListener, LifecycleEventListener, UIManager' is deprecated. Deprecated in Java.
w: file:///C:/Users/juanp/OneDrive/Escritorio/CashLens/node_modules/expo-modules-core/android/src/main/java/expo/modules/kotlin/AppContext.kt:21:8 'typealias ErrorManagerModule = JSLoggerModule' is deprecated. Use JSLoggerModule instead.
w: file:///C:/Users/juanp/OneDrive/Escritorio/CashLens/node_modules/expo-modules-core/android/src/main/java/expo/modules/kotlin/AppContext.kt:59:13 'val hostingRuntimeContext: MainRuntime' is deprecated. Use AppContext.runtimeContext instead.
w: file:///C:/Users/juanp/OneDrive/Escritorio/CashLens/node_modules/expo-modules-core/android/src/main/java/expo/modules/kotlin/AppContext.kt:257:21 'typealias ErrorManagerModule = JSLoggerModule' is deprecated. Use JSLoggerModule instead.
w: file:///C:/Users/juanp/OneDrive/Escritorio/CashLens/node_modules/expo-modules-core/android/src/main/java/expo/modules/kotlin/AppContext.kt:366:21 'val DEFAULT: Int' is deprecated. UIManagerType.DEFAULT will be deleted in the next release of React Native. Use [LEGACY] instead.
w: file:///C:/Users/juanp/OneDrive/Escritorio/CashLens/node_modules/expo-modules-core/android/src/main/java/expo/modules/kotlin/AppContext.kt:367:10 'class UIManagerModule : ReactContextBaseJavaModule, OnBatchCompleteListener, LifecycleEventListener, UIManager' is deprecated. Deprecated in Java.
w: file:///C:/Users/juanp/OneDrive/Escritorio/CashLens/node_modules/expo-modules-core/android/src/main/java/expo/modules/kotlin/defaultmodules/NativeModulesProxyModule.kt:16:5 'fun Constants(legacyConstantsProvider: () -> Map<String, Any?>): Unit' is deprecated. Use `Constant` or `Property` instead.
w: file:///C:/Users/juanp/OneDrive/Escritorio/CashLens/node_modules/expo-modules-core/android/src/main/java/expo/modules/kotlin/views/ViewDefinitionBuilder.kt:464:16 'val errorManager: JSLoggerModule?' is deprecated. Use AppContext.jsLogger instead.
w: file:///C:/Users/juanp/OneDrive/Escritorio/CashLens/node_modules/expo-modules-core/android/src/main/java/expo/modules/kotlin/views/ViewDefinitionBuilder.kt:464:30 'fun reportExceptionToLogBox(codedException: CodedException): Unit' is deprecated. Use appContext.jsLogger.error(...) instead.
w: file:///C:/Users/juanp/OneDrive/Escritorio/CashLens/node_modules/expo-modules-core/android/src/main/java/expo/modules/kotlin/views/ViewManagerDefinition.kt:41:16 'val errorManager: JSLoggerModule?' is deprecated. Use AppContext.jsLogger instead.
w: file:///C:/Users/juanp/OneDrive/Escritorio/CashLens/node_modules/expo-modules-core/android/src/main/java/expo/modules/kotlin/views/ViewManagerDefinition.kt:41:30 'fun reportExceptionToLogBox(codedException: CodedException): Unit' is deprecated. Use appContext.jsLogger.error(...) instead.

> Task :react-native-vision-camera:compileDebugJavaWithJavac
> Task :react-native-vision-camera:bundleLibCompileToJarDebug
> Task :react-native-vision-camera:bundleLibRuntimeToJarDebug
> Task :react-native-vision-camera:processDebugJavaRes

> Task :expo-modules-core:compileDebugJavaWithJavac
Note: C:\Users\juanp\OneDrive\Escritorio\CashLens\node_modules\expo-modules-cor
e\android\src\main\java\expo\modules\adapters\react\ModuleRegistryAdapter.java 
uses or overrides a deprecated API.
Note: Recompile with -Xlint:deprecation for details.

> Task :app:generateDebugResValues
> Task :expo-dev-launcher:generateDebugBuildConfig
> Task :expo-dev-launcher:checkApolloVersions
> Task :expo-modules-core:bundleLibCompileToJarDebug
> Task :expo-dev-launcher:generateServiceApolloOptions
> Task :expo-dev-client:compileDebugKotlin NO-SOURCE
> Task :expo-dev-menu-interface:compileDebugKotlin NO-SOURCE

> Task :vision-camera-resize-plugin:compileDebugKotlin
w: file:///C:/Users/juanp/OneDrive/Escritorio/CashLens/node_modules/vision-camera-resize-plugin/android/src/main/java/com/visioncameraresizeplugin/VisionCameraResizePluginPackage.kt:3:8 'class TurboReactPackage : BaseReactPackage' is deprecated. Use BaseReactPackage instead.
w: file:///C:/Users/juanp/OneDrive/Escritorio/CashLens/node_modules/vision-camera-resize-plugin/android/src/main/java/com/visioncameraresizeplugin/VisionCameraResizePluginPackage.kt:10:41 'class TurboReactPackage : BaseReactPackage' is deprecated. Use BaseReactPackage instead.

> Task :react-native-fast-tflite:cleanEmptyDirectories
> Task :expo-modules-core:bundleLibRuntimeToJarDebug
> Task :expo-modules-core:processDebugJavaRes
> Task :app:mapDebugSourceSetPaths
> Task :app:generateDebugResources

> Task :expo-dev-launcher:generateServiceApolloSources
w: C:\Users\juanp\OneDrive\Escritorio\CashLens\node_modules\expo-dev-launcher\android\src\debug\graphql\GetBranches.graphql: (21, 11): Apollo: Use of deprecated field `runtimeVersion`
w: C:\Users\juanp\OneDrive\Escritorio\CashLens\node_modules\expo-dev-launcher\android\src\debug\graphql\GetBranches.graphql: (34, 3): Apollo: Variable `platform` is unused
w: C:\Users\juanp\OneDrive\Escritorio\CashLens\node_modules\expo-dev-launcher\android\src\debug\graphql\GetUpdates.graphql: (14, 11): Apollo: Use of deprecated field `runtimeVersion`

> Task :expo-json-utils:compileDebugKotlin
> Task :vision-camera-resize-plugin:compileDebugJavaWithJavac
> Task :vision-camera-resize-plugin:bundleLibCompileToJarDebug
> Task :expo-updates-interface:compileDebugKotlin

> Task :expo-constants:compileDebugKotlin
w: file:///C:/Users/juanp/OneDrive/Escritorio/CashLens/node_modules/expo/node_modules/expo-constants/android/src/main/java/expo/modules/constants/ConstantsModule.kt:13:5 'fun Constants(legacyConstantsProvider: () -> Map<String, Any?>): Unit' is deprecated. Use `Constant` or `Property` instead.

> Task :expo-dev-client:compileDebugJavaWithJavac
> Task :expo-dev-client:bundleLibRuntimeToJarDebug
> Task :vision-camera-resize-plugin:processDebugJavaRes
> Task :expo-dev-client:processDebugJavaRes NO-SOURCE
> Task :expo-dev-client:bundleLibCompileToJarDebug
> Task :vision-camera-resize-plugin:bundleLibRuntimeToJarDebug
> Task :expo-dev-menu-interface:compileDebugJavaWithJavac
> Task :expo-dev-menu-interface:bundleLibRuntimeToJarDebug
> Task :expo-dev-menu-interface:processDebugJavaRes NO-SOURCE
> Task :expo-dev-menu-interface:bundleLibCompileToJarDebug
> Task :expo-constants:compileDebugJavaWithJavac
> Task :expo-constants:bundleLibRuntimeToJarDebug
> Task :expo-constants:processDebugJavaRes
> Task :expo-constants:bundleLibCompileToJarDebug
> Task :expo-json-utils:compileDebugJavaWithJavac
> Task :expo-updates-interface:compileDebugJavaWithJavac
> Task :expo-json-utils:bundleLibCompileToJarDebug
> Task :expo-json-utils:processDebugJavaRes
> Task :expo-json-utils:bundleLibRuntimeToJarDebug
> Task :expo-updates-interface:bundleLibCompileToJarDebug
> Task :expo-updates-interface:bundleLibRuntimeToJarDebug
> Task :expo-updates-interface:processDebugJavaRes
> Task :expo-dev-launcher:dataBindingGenBaseClassesDebug
> Task :expo-dev-launcher:javaPreCompileDebug
> Task :expo-dev-launcher:mergeDebugShaders
> Task :expo-dev-launcher:compileDebugShaders NO-SOURCE
> Task :expo-dev-launcher:generateDebugAssets UP-TO-DATE
> Task :expo-dev-launcher:mergeDebugAssets
> Task :expo-dev-launcher:mergeDebugJniLibFolders
> Task :expo-dev-launcher:mergeDebugNativeLibs NO-SOURCE
> Task :expo-dev-launcher:copyDebugJniLibsProjectOnly
> Task :expo-log-box:compileDebugKotlin

> Task :expo-manifests:compileDebugKotlin
w: file:///C:/Users/juanp/OneDrive/Escritorio/CashLens/node_modules/expo-manifests/android/src/main/java/expo/modules/manifests/core/EmbeddedManifest.kt:19:16 This declaration overrides a deprecated member but is not marked as deprecated itself. Add the '@Deprecated' annotation or suppress the diagnostic.
w: file:///C:/Users/juanp/OneDrive/Escritorio/CashLens/node_modules/expo-manifests/android/src/main/java/expo/modules/manifests/core/EmbeddedManifest.kt:19:86 'fun getLegacyID(): String' is deprecated. Prefer scopeKey or projectId depending on use case.
w: file:///C:/Users/juanp/OneDrive/Escritorio/CashLens/node_modules/expo-manifests/android/src/main/java/expo/modules/manifests/core/ExpoUpdatesManifest.kt:16:16 This declaration overrides a deprecated member but is not marked as deprecated itself. Add the '@Deprecated' annotation or suppress the diagnostic.
w: file:///C:/Users/juanp/OneDrive/Escritorio/CashLens/node_modules/expo-manifests/android/src/main/java/expo/modules/manifests/core/Manifest.kt:13:3 Deprecations and opt-ins on a method overridden from 'Any' may not be reported.
w: file:///C:/Users/juanp/OneDrive/Escritorio/CashLens/node_modules/expo-manifests/android/src/main/java/expo/modules/manifests/core/Manifest.kt:15:12 'fun getRawJson(): JSONObject' is deprecated. Prefer to use specific field getters.

> Task :expo-manifests:compileDebugJavaWithJavac
> Task :expo-manifests:bundleLibCompileToJarDebug
> Task :expo-manifests:bundleLibRuntimeToJarDebug
> Task :expo-manifests:processDebugJavaRes
> Task :expo-log-box:compileDebugJavaWithJavac
> Task :expo-log-box:bundleLibCompileToJarDebug
> Task :expo-log-box:bundleLibRuntimeToJarDebug
> Task :expo-log-box:processDebugJavaRes
> Task :react-native-fast-tflite:buildCMakeDebug[arm64-v8a]
> Task :app:mergeDebugResources
> Task :react-native-worklets-core:buildCMakeDebug[arm64-v8a]
> Task :react-native-worklets:buildCMakeDebug[arm64-v8a][worklets]
> Task :app:packageDebugResources
> Task :app:parseDebugLocalResources
> Task :app:createDebugCompatibleScreenManifests
> Task :app:extractDeepLinksDebug
> Task :expo-dev-menu:compileDebugKotlin

> Task :app:processDebugMainManifest
C:\Users\juanp\OneDrive\Escritorio\CashLens\android\app\src\debug\AndroidManifest.xml:6:5-162 Warning:
	application@android:usesCleartextTraffic was tagged at AndroidManifest.xml:6 to replace other declarations but no other declaration present
C:\Users\juanp\OneDrive\Escritorio\CashLens\android\app\src\debug\AndroidManifest.xml Warning:
	provider#expo.modules.filesystem.FileSystemFileProvider@android:authorities was tagged at AndroidManifest.xml:0 to replace other declarations but no other declaration present

> Task :app:expoDebugOverrideMaxSdkConflicts
[33m---------- Expo Max Sdk Override Plugin ----------[0m
[32m>>> No 'android:maxSdkVersion' conflicts found[0m
[33m--------------------------------------------------[0m

> Task :expo-dev-menu:compileDebugKotlin
w: file:///C:/Users/juanp/OneDrive/Escritorio/CashLens/node_modules/expo-dev-menu/android/src/debug/java/com/facebook/react/devsupport/DevMenuSettingsBase.kt:6:8 'class PreferenceManager : Any' is deprecated. Deprecated in Java.
w: file:///C:/Users/juanp/OneDrive/Escritorio/CashLens/node_modules/expo-dev-menu/android/src/debug/java/com/facebook/react/devsupport/DevMenuSettingsBase.kt:18:51 'class PreferenceManager : Any' is deprecated. Deprecated in Java.
w: file:///C:/Users/juanp/OneDrive/Escritorio/CashLens/node_modules/expo-dev-menu/android/src/debug/java/com/facebook/react/devsupport/DevMenuSettingsBase.kt:18:69 'static fun getDefaultSharedPreferences(p0: Context!): SharedPreferences!' is deprecated. Deprecated in Java.
w: file:///C:/Users/juanp/OneDrive/Escritorio/CashLens/node_modules/expo-dev-menu/android/src/debug/java/com/facebook/react/devsupport/DevMenuSettingsBase.kt:51:13 This code uses error suppression for 'NOTHING_TO_OVERRIDE'. While it might compile and work, the compiler behavior is UNSPECIFIED and WILL NOT BE PRESERVED. Please report your use case to the Kotlin issue tracker instead: https://kotl.in/issue
w: file:///C:/Users/juanp/OneDrive/Escritorio/CashLens/node_modules/expo-dev-menu/android/src/debug/java/com/facebook/react/devsupport/DevMenuSettingsBase.kt:58:13 This code uses error suppression for 'NOTHING_TO_OVERRIDE'. While it might compile and work, the compiler behavior is UNSPECIFIED and WILL NOT BE PRESERVED. Please report your use case to the Kotlin issue tracker instead: https://kotl.in/issue
w: file:///C:/Users/juanp/OneDrive/Escritorio/CashLens/node_modules/expo-dev-menu/android/src/debug/java/expo/modules/devmenu/compose/ui/AppInfo.kt:64:5 'fun Button(onClick: () -> Unit, enabled: Boolean = ..., shape: Shape = ..., backgroundColor: Color = ..., contentColor: Color = ..., contentPadding: PaddingValues = ..., borderColor: Color = ..., borderWidth: Dp = ..., modifier: Modifier = ..., role: Role = ..., indication: Indication? = ..., interactionSource: MutableInteractionSource? = ..., horizontalArrangement: Arrangement.Horizontal = ..., verticalAlignment: Alignment.Vertical = ..., content: @Composable() ComposableFunction1<RowScope, Unit>): Unit' is deprecated. Use UnstyledButton instead.
w: file:///C:/Users/juanp/OneDrive/Escritorio/CashLens/node_modules/expo-dev-menu/android/src/debug/java/expo/modules/devmenu/compose/ui/MenuButton.kt:33:5 'fun Button(onClick: () -> Unit, enabled: Boolean = ..., shape: Shape = ..., backgroundColor: Color = ..., contentColor: Color = ..., contentPadding: PaddingValues = ..., borderColor: Color = ..., borderWidth: Dp = ..., modifier: Modifier = ..., role: Role = ..., indication: Indication? = ..., interactionSource: MutableInteractionSource? = ..., horizontalArrangement: Arrangement.Horizontal = ..., verticalAlignment: Alignment.Vertical = ..., content: @Composable() ComposableFunction1<RowScope, Unit>): Unit' is deprecated. Use UnstyledButton instead.
w: file:///C:/Users/juanp/OneDrive/Escritorio/CashLens/node_modules/expo-dev-menu/android/src/debug/java/expo/modules/devmenu/compose/ui/Onboarding.kt:70:5 'fun Button(onClick: () -> Unit, enabled: Boolean = ..., shape: Shape = ..., backgroundColor: Color = ..., contentColor: Color = ..., contentPadding: PaddingValues = ..., borderColor: Color = ..., borderWidth: Dp = ..., modifier: Modifier = ..., role: Role = ..., indication: Indication? = ..., interactionSource: MutableInteractionSource? = ..., horizontalArrangement: Arrangement.Horizontal = ..., verticalAlignment: Alignment.Vertical = ..., content: @Composable() ComposableFunction1<RowScope, Unit>): Unit' is deprecated. Use UnstyledButton instead.
w: file:///C:/Users/juanp/OneDrive/Escritorio/CashLens/node_modules/expo-dev-menu/android/src/debug/java/expo/modules/devmenu/compose/ui/SystemSection.kt:52:3 'fun Button(onClick: () -> Unit, enabled: Boolean = ..., shape: Shape = ..., backgroundColor: Color = ..., contentColor: Color = ..., contentPadding: PaddingValues = ..., borderColor: Color = ..., borderWidth: Dp = ..., modifier: Modifier = ..., role: Role = ..., indication: Indication? = ..., interactionSource: MutableInteractionSource? = ..., horizontalArrangement: Arrangement.Horizontal = ..., verticalAlignment: Alignment.Vertical = ..., content: @Composable() ComposableFunction1<RowScope, Unit>): Unit' is deprecated. Use UnstyledButton instead.

> Task :app:processDebugManifest
> Task :app:javaPreCompileDebug
> Task :app:mergeDebugShaders
> Task :app:compileDebugShaders NO-SOURCE
> Task :app:generateDebugAssets UP-TO-DATE
> Task :app:mergeDebugAssets
> Task :app:desugarDebugFileDependencies
> Task :app:compressDebugAssets
> Task :app:mergeDebugJniLibFolders
> Task :app:validateSigningDebug
> Task :app:writeDebugAppMetadata
> Task :app:writeDebugSigningConfigVersions
> Task :app:processDebugManifestForPackage
> Task :app:checkDebugDuplicateClasses

> Task :react-native-worklets-core:buildCMakeDebug[arm64-v8a]
C/C++: ninja: Entering directory `C:\Users\juanp\OneDrive\Escritorio\CashLens\node_modules\react-native-worklets-core\android\.cxx\Debug\59b6q221\arm64-v8a'
C/C++: In file included from C:/Users/juanp/OneDrive/Escritorio/CashLens/node_modules/react-native-worklets-core/android/cpp-adapter.cpp:6:
C/C++: In file included from C:/Users/juanp/OneDrive/Escritorio/CashLens/node_modules/react-native-worklets-core/android/../cpp/WKTJsiWorkletApi.h:14:
C/C++: In file included from C:/Users/juanp/OneDrive/Escritorio/CashLens/node_modules/react-native-worklets-core/android/../cpp/sharedvalues/WKTJsiSharedValue.h:8:
C/C++: C:/Users/juanp/OneDrive/Escritorio/CashLens/node_modules/react-native-worklets-core/android/../cpp/WKTJsiDispatcher.h:97:22: warning: exception of type 'const std::runtime_error &' will be caught by earlier handler [-Wexceptions]
C/C++:    97 |       } catch (const std::runtime_error &err) {
C/C++:       |                      ^
C/C++: C:/Users/juanp/OneDrive/Escritorio/CashLens/node_modules/react-native-worklets-core/android/../cpp/WKTJsiDispatcher.h:94:22: note: for type 'const std::exception &'
C/C++:    94 |       } catch (const std::exception &err) {
C/C++:       |                      ^
C/C++: 1 warning generated.
C/C++: In file included from C:/Users/juanp/OneDrive/Escritorio/CashLens/node_modules/react-native-worklets-core/cpp/WKTJsiWorkletApi.cpp:1:
C/C++: In file included from C:/Users/juanp/OneDrive/Escritorio/CashLens/node_modules/react-native-worklets-core/cpp/WKTJsiWorkletApi.h:14:
C/C++: In file included from C:/Users/juanp/OneDrive/Escritorio/CashLens/node_modules/react-native-worklets-core/android/../cpp/sharedvalues/WKTJsiSharedValue.h:8:
C/C++: C:/Users/juanp/OneDrive/Escritorio/CashLens/node_modules/react-native-worklets-core/android/../cpp/WKTJsiDispatcher.h:97:22: warning: exception of type 'const std::runtime_error &' will be caught by earlier handler [-Wexceptions]
C/C++:    97 |       } catch (const std::runtime_error &err) {
C/C++:       |                      ^
C/C++: C:/Users/juanp/OneDrive/Escritorio/CashLens/node_modules/react-native-worklets-core/android/../cpp/WKTJsiDispatcher.h:94:22: note: for type 'const std::exception &'
C/C++:    94 |       } catch (const std::exception &err) {
C/C++:       |                      ^
C/C++: 1 warning generated.

> Task :react-native-fast-tflite:buildCMakeDebug[arm64-v8a]
C/C++: ninja: Entering directory `C:\Users\juanp\OneDrive\Escritorio\CashLens\node_modules\react-native-fast-tflite\android\.cxx\Debug\203c106o\arm64-v8a'
C/C++: C:/Users/juanp/OneDrive/Escritorio/CashLens/node_modules/react-native-fast-tflite/cpp/TensorflowPlugin.cpp:73:11: warning: ignoring return value of function declared with 'nodiscard' attribute [-Wunused-result]
C/C++:    73 |           std::async(std::launch::async, [=, &runtime]() {
C/C++:       |           ^~~~~~~~~~ ~~~~~~~~~~~~~~~~~~~~~~~~~~~~~~~~~~~~~
C/C++:    74 |             try {
C/C++:       |             ~~~~~
C/C++:    75 |               // Fetch model from URL (JS bundle)
C/C++:       |               ~~~~~~~~~~~~~~~~~~~~~~~~~~~~~~~~~~~
C/C++:    76 |               Buffer buffer = fetchURL(modelPath);
C/C++:       |               ~~~~~~~~~~~~~~~~~~~~~~~~~~~~~~~~~~~~
C/C++:    77 | 
C/C++:    78 |               // Load Model into Tensorflow
C/C++:       |               ~~~~~~~~~~~~~~~~~~~~~~~~~~~~~
C/C++:    79 |               auto model = TfLiteModelCreate(buffer.data, buffer.size);
C/C++:       |               ~~~~~~~~~~~~~~~~~~~~~~~~~~~~~~~~~~~~~~~~~~~~~~~~~~~~~~~~~
C/C++:    80 |               if (model == nullptr) {
C/C++:       |               ~~~~~~~~~~~~~~~~~~~~~~~
C/C++:    81 |                 callInvoker->invokeAsync(
C/C++:       |                 ~~~~~~~~~~~~~~~~~~~~~~~~~
C/C++:    82 |                     [=]() { promise->reject("Failed to load model from \"" + modelPath + "\"!"); });
C/C++:       |                     ~~~~~~~~~~~~~~~~~~~~~~~~~~~~~~~~~~~~~~~~~~~~~~~~~~~~~~~~~~~~~~~~~~~~~~~~~~~~~~~~
C/C++:    83 |                 return;
C/C++:       |                 ~~~~~~~
C/C++:    84 |               }
C/C++:       |               ~
C/C++:    85 | 
C/C++:    86 |               // Create TensorFlow Interpreter
C/C++:       |               ~~~~~~~~~~~~~~~~~~~~~~~~~~~~~~~~
C/C++:    87 |               auto options = TfLiteInterpreterOptionsCreate();
C/C++:       |               ~~~~~~~~~~~~~~~~~~~~~~~~~~~~~~~~~~~~~~~~~~~~~~~~
C/C++:    88 | 
C/C++: C:/Users/juanp/OneDrive/Escritorio/CashLens/node_modules/react-native-fast-tflite/cpp/TensorflowPlugin.cpp:317:17: warning: ignoring return value of function declared with 'nodiscard' attribute [-Wunused-result]
C/C++:   317 |                 std::async(std::launch::async, [=, &runtime]() {
C/C++:       |                 ^~~~~~~~~~ ~~~~~~~~~~~~~~~~~~~~~~~~~~~~~~~~~~~~~
C/C++:   318 |                   // 2.
C/C++:       |                   ~~~~~
C/C++:   319 |                   try {
C/C++:       |                   ~~~~~
C/C++:   320 |                     this->run();
C/C++:       |                     ~~~~~~~~~~~~
C/C++:   321 | 
C/C++:   322 |                     this->_callInvoker->invokeAsync([=, &runtime]() {
C/C++:       |                     ~~~~~~~~~~~~~~~~~~~~~~~~~~~~~~~~~~~~~~~~~~~~~~~~~
C/C++:   323 |                       // 3.
C/C++:       |                       ~~~~~
C/C++:   324 |                       auto result = this->copyOutputBuffers(runtime);
C/C++:       |                       ~~~~~~~~~~~~~~~~~~~~~~~~~~~~~~~~~~~~~~~~~~~~~~~
C/C++:   325 |                       promise->resolve(std::move(result));
C/C++:       |                       ~~~~~~~~~~~~~~~~~~~~~~~~~~~~~~~~~~~~
C/C++:   326 |                     });
C/C++:       |                     ~~~
C/C++:   327 |                   } catch (std::exception& error) {
C/C++:       |                   ~~~~~~~~~~~~~~~~~~~~~~~~~~~~~~~~~
C/C++:   328 |                     promise->reject(error.what());
C/C++:       |                     ~~~~~~~~~~~~~~~~~~~~~~~~~~~~~~
C/C++:   329 |                   }
C/C++:       |                   ~
C/C++:   330 |                 });
C/C++:       |                 ~
C/C++: 2 warnings generated.

> Task :expo-dev-menu:compileDebugJavaWithJavac

> Task :react-native-worklets-core:buildCMakeDebug[arm64-v8a]
C/C++: In file included from C:/Users/juanp/OneDrive/Escritorio/CashLens/node_modules/react-native-worklets-core/cpp/WKTJsiWorkletContext.cpp:3:
C/C++: In file included from C:/Users/juanp/OneDrive/Escritorio/CashLens/node_modules/react-native-worklets-core/cpp/WKTJsiWorkletApi.h:14:
C/C++: In file included from C:/Users/juanp/OneDrive/Escritorio/CashLens/node_modules/react-native-worklets-core/android/../cpp/sharedvalues/WKTJsiSharedValue.h:8:
C/C++: C:/Users/juanp/OneDrive/Escritorio/CashLens/node_modules/react-native-worklets-core/android/../cpp/WKTJsiDispatcher.h:97:22: warning: exception of type 'const std::runtime_error &' will be caught by earlier handler [-Wexceptions]
C/C++:    97 |       } catch (const std::runtime_error &err) {
C/C++:       |                      ^
C/C++: C:/Users/juanp/OneDrive/Escritorio/CashLens/node_modules/react-native-worklets-core/android/../cpp/WKTJsiDispatcher.h:94:22: note: for type 'const std::exception &'
C/C++:    94 |       } catch (const std::exception &err) {
C/C++:       |                      ^
C/C++: 1 warning generated.

> Task :expo-dev-menu:bundleLibRuntimeToJarDebug
> Task :expo-dev-menu:processDebugJavaRes
> Task :expo-dev-menu:bundleLibCompileToJarDebug
> Task :react-native-fast-tflite:configureCMakeDebug[armeabi-v7a]
> Task :app:processDebugResources
> Task :expo-dev-launcher:compileDebugKotlin

> Task :react-native-fast-tflite:buildCMakeDebug[armeabi-v7a]
C/C++: ninja: Entering directory `C:\Users\juanp\OneDrive\Escritorio\CashLens\node_modules\react-native-fast-tflite\android\.cxx\Debug\203c106o\armeabi-v7a'
C/C++: C:/Users/juanp/OneDrive/Escritorio/CashLens/node_modules/react-native-fast-tflite/cpp/TensorflowPlugin.cpp:73:11: warning: ignoring return value of function declared with 'nodiscard' attribute [-Wunused-result]
C/C++:    73 |           std::async(std::launch::async, [=, &runtime]() {
C/C++:       |           ^~~~~~~~~~ ~~~~~~~~~~~~~~~~~~~~~~~~~~~~~~~~~~~~~
C/C++:    74 |             try {
C/C++:       |             ~~~~~
C/C++:    75 |               // Fetch model from URL (JS bundle)
C/C++:       |               ~~~~~~~~~~~~~~~~~~~~~~~~~~~~~~~~~~~
C/C++:    76 |               Buffer buffer = fetchURL(modelPath);
C/C++:       |               ~~~~~~~~~~~~~~~~~~~~~~~~~~~~~~~~~~~~
C/C++:    77 | 
C/C++:    78 |               // Load Model into Tensorflow
C/C++:       |               ~~~~~~~~~~~~~~~~~~~~~~~~~~~~~
C/C++:    79 |               auto model = TfLiteModelCreate(buffer.data, buffer.size);
C/C++:       |               ~~~~~~~~~~~~~~~~~~~~~~~~~~~~~~~~~~~~~~~~~~~~~~~~~~~~~~~~~
C/C++:    80 |               if (model == nullptr) {
C/C++:       |               ~~~~~~~~~~~~~~~~~~~~~~~
C/C++:    81 |                 callInvoker->invokeAsync(
C/C++:       |                 ~~~~~~~~~~~~~~~~~~~~~~~~~
C/C++:    82 |                     [=]() { promise->reject("Failed to load model from \"" + modelPath + "\"!"); });
C/C++:       |                     ~~~~~~~~~~~~~~~~~~~~~~~~~~~~~~~~~~~~~~~~~~~~~~~~~~~~~~~~~~~~~~~~~~~~~~~~~~~~~~~~
C/C++:    83 |                 return;
C/C++:       |                 ~~~~~~~
C/C++:    84 |               }
C/C++:       |               ~
C/C++:    85 | 
C/C++:    86 |               // Create TensorFlow Interpreter
C/C++:       |               ~~~~~~~~~~~~~~~~~~~~~~~~~~~~~~~~
C/C++:    87 |               auto options = TfLiteInterpreterOptionsCreate();
C/C++:       |               ~~~~~~~~~~~~~~~~~~~~~~~~~~~~~~~~~~~~~~~~~~~~~~~~
C/C++:    88 | 
C/C++: C:/Users/juanp/OneDrive/Escritorio/CashLens/node_modules/react-native-fast-tflite/cpp/TensorflowPlugin.cpp:317:17: warning: ignoring return value of function declared with 'nodiscard' attribute [-Wunused-result]
C/C++:   317 |                 std::async(std::launch::async, [=, &runtime]() {
C/C++:       |                 ^~~~~~~~~~ ~~~~~~~~~~~~~~~~~~~~~~~~~~~~~~~~~~~~~
C/C++:   318 |                   // 2.
C/C++:       |                   ~~~~~
C/C++:   319 |                   try {
C/C++:       |                   ~~~~~
C/C++:   320 |                     this->run();
C/C++:       |                     ~~~~~~~~~~~~
C/C++:   321 | 
C/C++:   322 |                     this->_callInvoker->invokeAsync([=, &runtime]() {
C/C++:       |                     ~~~~~~~~~~~~~~~~~~~~~~~~~~~~~~~~~~~~~~~~~~~~~~~~~
C/C++:   323 |                       // 3.
C/C++:       |                       ~~~~~
C/C++:   324 |                       auto result = this->copyOutputBuffers(runtime);
C/C++:       |                       ~~~~~~~~~~~~~~~~~~~~~~~~~~~~~~~~~~~~~~~~~~~~~~~
C/C++:   325 |                       promise->resolve(std::move(result));
C/C++:       |                       ~~~~~~~~~~~~~~~~~~~~~~~~~~~~~~~~~~~~
C/C++:   326 |                     });
C/C++:       |                     ~~~
C/C++:   327 |                   } catch (std::exception& error) {
C/C++:       |                   ~~~~~~~~~~~~~~~~~~~~~~~~~~~~~~~~~
C/C++:   328 |                     promise->reject(error.what());
C/C++:       |                     ~~~~~~~~~~~~~~~~~~~~~~~~~~~~~~
C/C++:   329 |                   }
C/C++:       |                   ~
C/C++:   330 |                 });
C/C++:       |                 ~
C/C++: 2 warnings generated.

> Task :react-native-worklets-core:configureCMakeDebug[armeabi-v7a]
> Task :app:mergeExtDexDebug
> Task :react-native-fast-tflite:configureCMakeDebug[x86]

> Task :react-native-fast-tflite:buildCMakeDebug[x86]
C/C++: ninja: Entering directory `C:\Users\juanp\OneDrive\Escritorio\CashLens\node_modules\react-native-fast-tflite\android\.cxx\Debug\203c106o\x86'
C/C++: C:/Users/juanp/OneDrive/Escritorio/CashLens/node_modules/react-native-fast-tflite/cpp/TensorflowPlugin.cpp:73:11: warning: ignoring return value of function declared with 'nodiscard' attribute [-Wunused-result]
C/C++:    73 |           std::async(std::launch::async, [=, &runtime]() {
C/C++:       |           ^~~~~~~~~~ ~~~~~~~~~~~~~~~~~~~~~~~~~~~~~~~~~~~~~
C/C++:    74 |             try {
C/C++:       |             ~~~~~
C/C++:    75 |               // Fetch model from URL (JS bundle)
C/C++:       |               ~~~~~~~~~~~~~~~~~~~~~~~~~~~~~~~~~~~
C/C++:    76 |               Buffer buffer = fetchURL(modelPath);
C/C++:       |               ~~~~~~~~~~~~~~~~~~~~~~~~~~~~~~~~~~~~
C/C++:    77 | 
C/C++:    78 |               // Load Model into Tensorflow
C/C++:       |               ~~~~~~~~~~~~~~~~~~~~~~~~~~~~~
C/C++:    79 |               auto model = TfLiteModelCreate(buffer.data, buffer.size);
C/C++:       |               ~~~~~~~~~~~~~~~~~~~~~~~~~~~~~~~~~~~~~~~~~~~~~~~~~~~~~~~~~
C/C++:    80 |               if (model == nullptr) {
C/C++:       |               ~~~~~~~~~~~~~~~~~~~~~~~
C/C++:    81 |                 callInvoker->invokeAsync(
C/C++:       |                 ~~~~~~~~~~~~~~~~~~~~~~~~~
C/C++:    82 |                     [=]() { promise->reject("Failed to load model from \"" + modelPath + "\"!"); });
C/C++:       |                     ~~~~~~~~~~~~~~~~~~~~~~~~~~~~~~~~~~~~~~~~~~~~~~~~~~~~~~~~~~~~~~~~~~~~~~~~~~~~~~~~
C/C++:    83 |                 return;
C/C++:       |                 ~~~~~~~
C/C++:    84 |               }
C/C++:       |               ~
C/C++:    85 | 
C/C++:    86 |               // Create TensorFlow Interpreter
C/C++:       |               ~~~~~~~~~~~~~~~~~~~~~~~~~~~~~~~~
C/C++:    87 |               auto options = TfLiteInterpreterOptionsCreate();
C/C++:       |               ~~~~~~~~~~~~~~~~~~~~~~~~~~~~~~~~~~~~~~~~~~~~~~~~
C/C++:    88 | 
C/C++: C:/Users/juanp/OneDrive/Escritorio/CashLens/node_modules/react-native-fast-tflite/cpp/TensorflowPlugin.cpp:317:17: warning: ignoring return value of function declared with 'nodiscard' attribute [-Wunused-result]
C/C++:   317 |                 std::async(std::launch::async, [=, &runtime]() {
C/C++:       |                 ^~~~~~~~~~ ~~~~~~~~~~~~~~~~~~~~~~~~~~~~~~~~~~~~~
C/C++:   318 |                   // 2.
C/C++:       |                   ~~~~~
C/C++:   319 |                   try {
C/C++:       |                   ~~~~~
C/C++:   320 |                     this->run();
C/C++:       |                     ~~~~~~~~~~~~
C/C++:   321 | 
C/C++:   322 |                     this->_callInvoker->invokeAsync([=, &runtime]() {
C/C++:       |                     ~~~~~~~~~~~~~~~~~~~~~~~~~~~~~~~~~~~~~~~~~~~~~~~~~
C/C++:   323 |                       // 3.
C/C++:       |                       ~~~~~
C/C++:   324 |                       auto result = this->copyOutputBuffers(runtime);
C/C++:       |                       ~~~~~~~~~~~~~~~~~~~~~~~~~~~~~~~~~~~~~~~~~~~~~~~
C/C++:   325 |                       promise->resolve(std::move(result));
C/C++:       |                       ~~~~~~~~~~~~~~~~~~~~~~~~~~~~~~~~~~~~
C/C++:   326 |                     });
C/C++:       |                     ~~~
C/C++:   327 |                   } catch (std::exception& error) {
C/C++:       |                   ~~~~~~~~~~~~~~~~~~~~~~~~~~~~~~~~~
C/C++:   328 |                     promise->reject(error.what());
C/C++:       |                     ~~~~~~~~~~~~~~~~~~~~~~~~~~~~~~
C/C++:   329 |                   }
C/C++:       |                   ~
C/C++:   330 |                 });
C/C++:       |                 ~
C/C++: 2 warnings generated.

> Task :react-native-fast-tflite:configureCMakeDebug[x86_64]

> Task :react-native-worklets-core:buildCMakeDebug[armeabi-v7a]
C/C++: ninja: Entering directory `C:\Users\juanp\OneDrive\Escritorio\CashLens\node_modules\react-native-worklets-core\android\.cxx\Debug\59b6q221\armeabi-v7a'
C/C++: In file included from C:/Users/juanp/OneDrive/Escritorio/CashLens/node_modules/react-native-worklets-core/android/cpp-adapter.cpp:6:
C/C++: In file included from C:/Users/juanp/OneDrive/Escritorio/CashLens/node_modules/react-native-worklets-core/android/../cpp/WKTJsiWorkletApi.h:14:
C/C++: In file included from C:/Users/juanp/OneDrive/Escritorio/CashLens/node_modules/react-native-worklets-core/android/../cpp/sharedvalues/WKTJsiSharedValue.h:8:
C/C++: C:/Users/juanp/OneDrive/Escritorio/CashLens/node_modules/react-native-worklets-core/android/../cpp/WKTJsiDispatcher.h:97:22: warning: exception of type 'const std::runtime_error &' will be caught by earlier handler [-Wexceptions]
C/C++:    97 |       } catch (const std::runtime_error &err) {
C/C++:       |                      ^
C/C++: C:/Users/juanp/OneDrive/Escritorio/CashLens/node_modules/react-native-worklets-core/android/../cpp/WKTJsiDispatcher.h:94:22: note: for type 'const std::exception &'
C/C++:    94 |       } catch (const std::exception &err) {
C/C++:       |                      ^
C/C++: 1 warning generated.
C/C++: In file included from C:/Users/juanp/OneDrive/Escritorio/CashLens/node_modules/react-native-worklets-core/cpp/WKTJsiWorkletApi.cpp:1:
C/C++: In file included from C:/Users/juanp/OneDrive/Escritorio/CashLens/node_modules/react-native-worklets-core/cpp/WKTJsiWorkletApi.h:14:
C/C++: In file included from C:/Users/juanp/OneDrive/Escritorio/CashLens/node_modules/react-native-worklets-core/android/../cpp/sharedvalues/WKTJsiSharedValue.h:8:
C/C++: C:/Users/juanp/OneDrive/Escritorio/CashLens/node_modules/react-native-worklets-core/android/../cpp/WKTJsiDispatcher.h:97:22: warning: exception of type 'const std::runtime_error &' will be caught by earlier handler [-Wexceptions]
C/C++:    97 |       } catch (const std::runtime_error &err) {
C/C++:       |                      ^
C/C++: C:/Users/juanp/OneDrive/Escritorio/CashLens/node_modules/react-native-worklets-core/android/../cpp/WKTJsiDispatcher.h:94:22: note: for type 'const std::exception &'
C/C++:    94 |       } catch (const std::exception &err) {
C/C++:       |                      ^
C/C++: 1 warning generated.
C/C++: In file included from C:/Users/juanp/OneDrive/Escritorio/CashLens/node_modules/react-native-worklets-core/cpp/WKTJsiWorkletContext.cpp:3:
C/C++: In file included from C:/Users/juanp/OneDrive/Escritorio/CashLens/node_modules/react-native-worklets-core/cpp/WKTJsiWorkletApi.h:14:
C/C++: In file included from C:/Users/juanp/OneDrive/Escritorio/CashLens/node_modules/react-native-worklets-core/android/../cpp/sharedvalues/WKTJsiSharedValue.h:8:
C/C++: C:/Users/juanp/OneDrive/Escritorio/CashLens/node_modules/react-native-worklets-core/android/../cpp/WKTJsiDispatcher.h:97:22: warning: exception of type 'const std::runtime_error &' will be caught by earlier handler [-Wexceptions]
C/C++:    97 |       } catch (const std::runtime_error &err) {
C/C++:       |                      ^
C/C++: C:/Users/juanp/OneDrive/Escritorio/CashLens/node_modules/react-native-worklets-core/android/../cpp/WKTJsiDispatcher.h:94:22: note: for type 'const std::exception &'
C/C++:    94 |       } catch (const std::exception &err) {
C/C++:       |                      ^
C/C++: In file included from C:/Users/juanp/OneDrive/Escritorio/CashLens/node_modules/react-native-worklets-core/cpp/WKTJsiWorkletContext.cpp:15:
C/C++: C:/Users/juanp/OneDrive/Escritorio/CashLens/node_modules/react-native-worklets-core/android/../cpp/decorators/WKTJsiSetImmediateDecorator.h:85:53: warning: format specifies type 'unsigned long' but the argument has type 'size_t' (aka 'unsigned int') [-Wformat]
C/C++:    85 |                   printf("ctx %lu: setImmediate\n", context->getContextId());
C/C++:       |                               ~~~                   ^~~~~~~~~~~~~~~~~~~~~~~
C/C++:       |                               %zu
C/C++: 2 warnings generated.

> Task :react-native-worklets:configureCMakeDebug[armeabi-v7a]

> Task :react-native-fast-tflite:buildCMakeDebug[x86_64]
C/C++: ninja: Entering directory `C:\Users\juanp\OneDrive\Escritorio\CashLens\node_modules\react-native-fast-tflite\android\.cxx\Debug\203c106o\x86_64'
C/C++: C:/Users/juanp/OneDrive/Escritorio/CashLens/node_modules/react-native-fast-tflite/cpp/TensorflowPlugin.cpp:73:11: warning: ignoring return value of function declared with 'nodiscard' attribute [-Wunused-result]
C/C++:    73 |           std::async(std::launch::async, [=, &runtime]() {
C/C++:       |           ^~~~~~~~~~ ~~~~~~~~~~~~~~~~~~~~~~~~~~~~~~~~~~~~~
C/C++:    74 |             try {
C/C++:       |             ~~~~~
C/C++:    75 |               // Fetch model from URL (JS bundle)
C/C++:       |               ~~~~~~~~~~~~~~~~~~~~~~~~~~~~~~~~~~~
C/C++:    76 |               Buffer buffer = fetchURL(modelPath);
C/C++:       |               ~~~~~~~~~~~~~~~~~~~~~~~~~~~~~~~~~~~~
C/C++:    77 | 
C/C++:    78 |               // Load Model into Tensorflow
C/C++:       |               ~~~~~~~~~~~~~~~~~~~~~~~~~~~~~
C/C++:    79 |               auto model = TfLiteModelCreate(buffer.data, buffer.size);
C/C++:       |               ~~~~~~~~~~~~~~~~~~~~~~~~~~~~~~~~~~~~~~~~~~~~~~~~~~~~~~~~~
C/C++:    80 |               if (model == nullptr) {
C/C++:       |               ~~~~~~~~~~~~~~~~~~~~~~~
C/C++:    81 |                 callInvoker->invokeAsync(
C/C++:       |                 ~~~~~~~~~~~~~~~~~~~~~~~~~
C/C++:    82 |                     [=]() { promise->reject("Failed to load model from \"" + modelPath + "\"!"); });
C/C++:       |                     ~~~~~~~~~~~~~~~~~~~~~~~~~~~~~~~~~~~~~~~~~~~~~~~~~~~~~~~~~~~~~~~~~~~~~~~~~~~~~~~~
C/C++:    83 |                 return;
C/C++:       |                 ~~~~~~~
C/C++:    84 |               }
C/C++:       |               ~
C/C++:    85 | 
C/C++:    86 |               // Create TensorFlow Interpreter
C/C++:       |               ~~~~~~~~~~~~~~~~~~~~~~~~~~~~~~~~
C/C++:    87 |               auto options = TfLiteInterpreterOptionsCreate();
C/C++:       |               ~~~~~~~~~~~~~~~~~~~~~~~~~~~~~~~~~~~~~~~~~~~~~~~~
C/C++:    88 | 
C/C++: C:/Users/juanp/OneDrive/Escritorio/CashLens/node_modules/react-native-fast-tflite/cpp/TensorflowPlugin.cpp:317:17: warning: ignoring return value of function declared with 'nodiscard' attribute [-Wunused-result]
C/C++:   317 |                 std::async(std::launch::async, [=, &runtime]() {
C/C++:       |                 ^~~~~~~~~~ ~~~~~~~~~~~~~~~~~~~~~~~~~~~~~~~~~~~~~
C/C++:   318 |                   // 2.
C/C++:       |                   ~~~~~
C/C++:   319 |                   try {
C/C++:       |                   ~~~~~
C/C++:   320 |                     this->run();
C/C++:       |                     ~~~~~~~~~~~~
C/C++:   321 | 
C/C++:   322 |                     this->_callInvoker->invokeAsync([=, &runtime]() {
C/C++:       |                     ~~~~~~~~~~~~~~~~~~~~~~~~~~~~~~~~~~~~~~~~~~~~~~~~~
C/C++:   323 |                       // 3.
C/C++:       |                       ~~~~~
C/C++:   324 |                       auto result = this->copyOutputBuffers(runtime);
C/C++:       |                       ~~~~~~~~~~~~~~~~~~~~~~~~~~~~~~~~~~~~~~~~~~~~~~~
C/C++:   325 |                       promise->resolve(std::move(result));
C/C++:       |                       ~~~~~~~~~~~~~~~~~~~~~~~~~~~~~~~~~~~~
C/C++:   326 |                     });
C/C++:       |                     ~~~
C/C++:   327 |                   } catch (std::exception& error) {
C/C++:       |                   ~~~~~~~~~~~~~~~~~~~~~~~~~~~~~~~~~
C/C++:   328 |                     promise->reject(error.what());
C/C++:       |                     ~~~~~~~~~~~~~~~~~~~~~~~~~~~~~~
C/C++:   329 |                   }
C/C++:       |                   ~
C/C++:   330 |                 });
C/C++:       |                 ~
C/C++: 2 warnings generated.

> Task :react-native-fast-tflite:mergeDebugJniLibFolders
> Task :react-native-fast-tflite:mergeDebugNativeLibs
> Task :react-native-fast-tflite:copyDebugJniLibsProjectOnly
> Task :react-native-worklets-core:configureCMakeDebug[x86]

> Task :react-native-worklets-core:buildCMakeDebug[x86]
C/C++: ninja: Entering directory `C:\Users\juanp\OneDrive\Escritorio\CashLens\node_modules\react-native-worklets-core\android\.cxx\Debug\59b6q221\x86'
C/C++: In file included from C:/Users/juanp/OneDrive/Escritorio/CashLens/node_modules/react-native-worklets-core/android/cpp-adapter.cpp:6:
C/C++: In file included from C:/Users/juanp/OneDrive/Escritorio/CashLens/node_modules/react-native-worklets-core/android/../cpp/WKTJsiWorkletApi.h:14:
C/C++: In file included from C:/Users/juanp/OneDrive/Escritorio/CashLens/node_modules/react-native-worklets-core/android/../cpp/sharedvalues/WKTJsiSharedValue.h:8:
C/C++: C:/Users/juanp/OneDrive/Escritorio/CashLens/node_modules/react-native-worklets-core/android/../cpp/WKTJsiDispatcher.h:97:22: warning: exception of type 'const std::runtime_error &' will be caught by earlier handler [-Wexceptions]
C/C++:    97 |       } catch (const std::runtime_error &err) {
C/C++:       |                      ^
C/C++: C:/Users/juanp/OneDrive/Escritorio/CashLens/node_modules/react-native-worklets-core/android/../cpp/WKTJsiDispatcher.h:94:22: note: for type 'const std::exception &'
C/C++:    94 |       } catch (const std::exception &err) {
C/C++:       |                      ^
C/C++: 1 warning generated.
C/C++: In file included from C:/Users/juanp/OneDrive/Escritorio/CashLens/node_modules/react-native-worklets-core/cpp/WKTJsiWorkletApi.cpp:1:
C/C++: In file included from C:/Users/juanp/OneDrive/Escritorio/CashLens/node_modules/react-native-worklets-core/cpp/WKTJsiWorkletApi.h:14:
C/C++: In file included from C:/Users/juanp/OneDrive/Escritorio/CashLens/node_modules/react-native-worklets-core/android/../cpp/sharedvalues/WKTJsiSharedValue.h:8:
C/C++: C:/Users/juanp/OneDrive/Escritorio/CashLens/node_modules/react-native-worklets-core/android/../cpp/WKTJsiDispatcher.h:97:22: warning: exception of type 'const std::runtime_error &' will be caught by earlier handler [-Wexceptions]
C/C++:    97 |       } catch (const std::runtime_error &err) {
C/C++:       |                      ^
C/C++: C:/Users/juanp/OneDrive/Escritorio/CashLens/node_modules/react-native-worklets-core/android/../cpp/WKTJsiDispatcher.h:94:22: note: for type 'const std::exception &'
C/C++:    94 |       } catch (const std::exception &err) {
C/C++:       |                      ^
C/C++: 1 warning generated.

> Task :react-native-worklets:buildCMakeDebug[armeabi-v7a][worklets]

> Task :react-native-worklets-core:buildCMakeDebug[x86]
C/C++: In file included from C:/Users/juanp/OneDrive/Escritorio/CashLens/node_modules/react-native-worklets-core/cpp/WKTJsiWorkletContext.cpp:3:
C/C++: In file included from C:/Users/juanp/OneDrive/Escritorio/CashLens/node_modules/react-native-worklets-core/cpp/WKTJsiWorkletApi.h:14:
C/C++: In file included from C:/Users/juanp/OneDrive/Escritorio/CashLens/node_modules/react-native-worklets-core/android/../cpp/sharedvalues/WKTJsiSharedValue.h:8:
C/C++: C:/Users/juanp/OneDrive/Escritorio/CashLens/node_modules/react-native-worklets-core/android/../cpp/WKTJsiDispatcher.h:97:22: warning: exception of type 'const std::runtime_error &' will be caught by earlier handler [-Wexceptions]
C/C++:    97 |       } catch (const std::runtime_error &err) {
C/C++:       |                      ^
C/C++: C:/Users/juanp/OneDrive/Escritorio/CashLens/node_modules/react-native-worklets-core/android/../cpp/WKTJsiDispatcher.h:94:22: note: for type 'const std::exception &'
C/C++:    94 |       } catch (const std::exception &err) {
C/C++:       |                      ^
C/C++: In file included from C:/Users/juanp/OneDrive/Escritorio/CashLens/node_modules/react-native-worklets-core/cpp/WKTJsiWorkletContext.cpp:15:
C/C++: C:/Users/juanp/OneDrive/Escritorio/CashLens/node_modules/react-native-worklets-core/android/../cpp/decorators/WKTJsiSetImmediateDecorator.h:85:53: warning: format specifies type 'unsigned long' but the argument has type 'size_t' (aka 'unsigned int') [-Wformat]
C/C++:    85 |                   printf("ctx %lu: setImmediate\n", context->getContextId());
C/C++:       |                               ~~~                   ^~~~~~~~~~~~~~~~~~~~~~~
C/C++:       |                               %zu
C/C++: 2 warnings generated.

> Task :react-native-worklets-core:configureCMakeDebug[x86_64]

> Task :expo-dev-launcher:compileDebugKotlin
w: file:///C:/Users/juanp/OneDrive/Escritorio/CashLens/node_modules/expo-dev-launcher/android/src/debug/java/expo/modules/devlauncher/compose/models/BranchViewModel.kt:80:31 'val runtimeVersion: String' is deprecated. Use 'runtime' field .
w: file:///C:/Users/juanp/OneDrive/Escritorio/CashLens/node_modules/expo-dev-launcher/android/src/debug/java/expo/modules/devlauncher/compose/screens/BranchScreen.kt:59:9 'fun Button(onClick: () -> Unit, enabled: Boolean = ..., shape: Shape = ..., backgroundColor: Color = ..., contentColor: Color = ..., contentPadding: PaddingValues = ..., borderColor: Color = ..., borderWidth: Dp = ..., modifier: Modifier = ..., role: Role = ..., indication: Indication? = ..., interactionSource: MutableInteractionSource? = ..., horizontalArrangement: Arrangement.Horizontal = ..., verticalAlignment: Alignment.Vertical = ..., content: @Composable() ComposableFunction1<RowScope, Unit>): Unit' is deprecated. Use UnstyledButton instead.
w: file:///C:/Users/juanp/OneDrive/Escritorio/CashLens/node_modules/expo-dev-launcher/android/src/debug/java/expo/modules/devlauncher/compose/screens/BranchScreen.kt:113:13 'fun Button(onClick: () -> Unit, enabled: Boolean = ..., shape: Shape = ..., backgroundColor: Color = ..., contentColor: Color = ..., contentPadding: PaddingValues = ..., borderColor: Color = ..., borderWidth: Dp = ..., modifier: Modifier = ..., role: Role = ..., indication: Indication? = ..., interactionSource: MutableInteractionSource? = ..., horizontalArrangement: Arrangement.Horizontal = ..., verticalAlignment: Alignment.Vertical = ..., content: @Composable() ComposableFunction1<RowScope, Unit>): Unit' is deprecated. Use UnstyledButton instead.
w: file:///C:/Users/juanp/OneDrive/Escritorio/CashLens/node_modules/expo-dev-launcher/android/src/debug/java/expo/modules/devlauncher/compose/screens/HomeScreen.kt:43:5 'fun Button(onClick: () -> Unit, enabled: Boolean = ..., shape: Shape = ..., backgroundColor: Color = ..., contentColor: Color = ..., contentPadding: PaddingValues = ..., borderColor: Color = ..., borderWidth: Dp = ..., modifier: Modifier = ..., role: Role = ..., indication: Indication? = ..., interactionSource: MutableInteractionSource? = ..., horizontalArrangement: Arrangement.Horizontal = ..., verticalAlignment: Alignment.Vertical = ..., content: @Composable() ComposableFunction1<RowScope, Unit>): Unit' is deprecated. Use UnstyledButton instead.
w: file:///C:/Users/juanp/OneDrive/Escritorio/CashLens/node_modules/expo-dev-launcher/android/src/debug/java/expo/modules/devlauncher/compose/ui/ActionButton.kt:31:3 'fun Button(onClick: () -> Unit, enabled: Boolean = ..., shape: Shape = ..., backgroundColor: Color = ..., contentColor: Color = ..., contentPadding: PaddingValues = ..., borderColor: Color = ..., borderWidth: Dp = ..., modifier: Modifier = ..., role: Role = ..., indication: Indication? = ..., interactionSource: MutableInteractionSource? = ..., horizontalArrangement: Arrangement.Horizontal = ..., verticalAlignment: Alignment.Vertical = ..., content: @Composable() ComposableFunction1<RowScope, Unit>): Unit' is deprecated. Use UnstyledButton instead.
w: file:///C:/Users/juanp/OneDrive/Escritorio/CashLens/node_modules/expo-dev-launcher/android/src/debug/java/expo/modules/devlauncher/compose/ui/AppHeader.kt:98:7 'fun Button(onClick: () -> Unit, enabled: Boolean = ..., shape: Shape = ..., backgroundColor: Color = ..., contentColor: Color = ..., contentPadding: PaddingValues = ..., borderColor: Color = ..., borderWidth: Dp = ..., modifier: Modifier = ..., role: Role = ..., indication: Indication? = ..., interactionSource: MutableInteractionSource? = ..., horizontalArrangement: Arrangement.Horizontal = ..., verticalAlignment: Alignment.Vertical = ..., content: @Composable() ComposableFunction1<RowScope, Unit>): Unit' is deprecated. Use UnstyledButton instead.
w: file:///C:/Users/juanp/OneDrive/Escritorio/CashLens/node_modules/expo-dev-launcher/android/src/debug/java/expo/modules/devlauncher/compose/ui/AppLoadingErrorDialog.kt:35:26 'fun rememberDialogState(initiallyVisible: Boolean = ...): DialogState' is deprecated. This will go away in 2.0. Use Dialog from the com.composeunstyled package.
w: file:///C:/Users/juanp/OneDrive/Escritorio/CashLens/node_modules/expo-dev-launcher/android/src/debug/java/expo/modules/devlauncher/compose/ui/AppLoadingErrorDialog.kt:55:3 'fun Dialog(state: DialogState, properties: DialogProperties = ..., onDismiss: () -> Unit = ..., content: @Composable() ComposableFunction1<DialogScope, Unit>): Unit' is deprecated. This will go away in 2.0. Use Dialog from the com.composeunstyled package.
w: file:///C:/Users/juanp/OneDrive/Escritorio/CashLens/node_modules/expo-dev-launcher/android/src/debug/java/expo/modules/devlauncher/compose/ui/AppLoadingErrorDialog.kt:56:5 'fun DialogScope.Scrim(modifier: Modifier = ..., scrimColor: Color = ..., enter: EnterTransition = ..., exit: ExitTransition = ...): Unit' is deprecated. This will go away in 2.0. Use Dialog from the com.composeunstyled package.
w: file:///C:/Users/juanp/OneDrive/Escritorio/CashLens/node_modules/expo-dev-launcher/android/src/debug/java/expo/modules/devlauncher/compose/ui/AppLoadingErrorDialog.kt:58:5 'fun DialogScope.DialogPanel(modifier: Modifier = ..., enter: EnterTransition = ..., exit: ExitTransition = ..., shape: Shape = ..., backgroundColor: Color = ..., contentColor: Color = ..., contentPadding: PaddingValues = ..., content: @Composable() ComposableFunction0<Unit>): Unit' is deprecated. This will go away in 2.0. Use Dialog from the com.composeunstyled package.
w: file:///C:/Users/juanp/OneDrive/Escritorio/CashLens/node_modules/expo-dev-launcher/android/src/debug/java/expo/modules/devlauncher/compose/ui/AppLoadingErrorDialog.kt:81:11 'fun Button(onClick: () -> Unit, enabled: Boolean = ..., shape: Shape = ..., backgroundColor: Color = ..., contentColor: Color = ..., contentPadding: PaddingValues = ..., borderColor: Color = ..., borderWidth: Dp = ..., modifier: Modifier = ..., role: Role = ..., indication: Indication? = ..., interactionSource: MutableInteractionSource? = ..., horizontalArrangement: Arrangement.Horizontal = ..., verticalAlignment: Alignment.Vertical = ..., content: @Composable() ComposableFunction1<RowScope, Unit>): Unit' is deprecated. Use UnstyledButton instead.
w: file:///C:/Users/juanp/OneDrive/Escritorio/CashLens/node_modules/expo-dev-launcher/android/src/debug/java/expo/modules/devlauncher/compose/ui/AppLoadingErrorDialog.kt:104:21 'fun rememberDialogState(initiallyVisible: Boolean = ...): DialogState' is deprecated. This will go away in 2.0. Use Dialog from the com.composeunstyled package.
w: file:///C:/Users/juanp/OneDrive/Escritorio/CashLens/node_modules/expo-dev-launcher/android/src/debug/java/expo/modules/devlauncher/compose/ui/FetchDevelopmentServersButton.kt:77:5 'fun Button(onClick: () -> Unit, enabled: Boolean = ..., shape: Shape = ..., backgroundColor: Color = ..., contentColor: Color = ..., contentPadding: PaddingValues = ..., borderColor: Color = ..., borderWidth: Dp = ..., modifier: Modifier = ..., role: Role = ..., indication: Indication? = ..., interactionSource: MutableInteractionSource? = ..., horizontalArrangement: Arrangement.Horizontal = ..., verticalAlignment: Alignment.Vertical = ..., content: @Composable() ComposableFunction1<RowScope, Unit>): Unit' is deprecated. Use UnstyledButton instead.
w: file:///C:/Users/juanp/OneDrive/Escritorio/CashLens/node_modules/expo-dev-launcher/android/src/debug/java/expo/modules/devlauncher/compose/ui/RunningAppCard.kt:43:5 'fun Button(onClick: () -> Unit, enabled: Boolean = ..., shape: Shape = ..., backgroundColor: Color = ..., contentColor: Color = ..., contentPadding: PaddingValues = ..., borderColor: Color = ..., borderWidth: Dp = ..., modifier: Modifier = ..., role: Role = ..., indication: Indication? = ..., interactionSource: MutableInteractionSource? = ..., horizontalArrangement: Arrangement.Horizontal = ..., verticalAlignment: Alignment.Vertical = ..., content: @Composable() ComposableFunction1<RowScope, Unit>): Unit' is deprecated. Use UnstyledButton instead.
w: file:///C:/Users/juanp/OneDrive/Escritorio/CashLens/node_modules/expo-dev-launcher/android/src/debug/java/expo/modules/devlauncher/compose/ui/ScanQRCodeButton.kt:26:5 'fun Button(onClick: () -> Unit, enabled: Boolean = ..., shape: Shape = ..., backgroundColor: Color = ..., contentColor: Color = ..., contentPadding: PaddingValues = ..., borderColor: Color = ..., borderWidth: Dp = ..., modifier: Modifier = ..., role: Role = ..., indication: Indication? = ..., interactionSource: MutableInteractionSource? = ..., horizontalArrangement: Arrangement.Horizontal = ..., verticalAlignment: Alignment.Vertical = ..., content: @Composable() ComposableFunction1<RowScope, Unit>): Unit' is deprecated. Use UnstyledButton instead.
w: file:///C:/Users/juanp/OneDrive/Escritorio/CashLens/node_modules/expo-dev-launcher/android/src/debug/java/expo/modules/devlauncher/compose/ui/ServerUrlInput.kt:56:5 'fun TextField(value: String, onValueChange: (String) -> Unit, modifier: Modifier = ..., editable: Boolean = ..., cursorBrush: Brush = ..., textStyle: TextStyle = ..., textAlign: TextAlign = ..., lineHeight: TextUnit = ..., fontSize: TextUnit = ..., letterSpacing: TextUnit = ..., fontWeight: FontWeight? = ..., fontFamily: FontFamily? = ..., singleLine: Boolean = ..., minLines: Int = ..., maxLines: Int = ..., keyboardActions: KeyboardActions = ..., keyboardOptions: KeyboardOptions = ..., visualTransformation: VisualTransformation = ..., interactionSource: MutableInteractionSource? = ..., textColor: Color = ..., content: @Composable() ComposableFunction1<TextFieldScope, Unit>): Unit' is deprecated. This will go to 2.0. Stateless TextFields in Compose do not work correctly in all languages and cause duplication characters and unexpected behaviors.
w: file:///C:/Users/juanp/OneDrive/Escritorio/CashLens/node_modules/expo-dev-launcher/android/src/debug/java/expo/modules/devlauncher/launcher/DevLauncherActivity.kt:10:5 'fun overridePendingTransition(p0: Int, p1: Int): Unit' is deprecated. Deprecated in Java.
w: file:///C:/Users/juanp/OneDrive/Escritorio/CashLens/node_modules/expo-dev-launcher/android/src/debug/java/expo/modules/devlauncher/launcher/DevLauncherActivity.kt:25:5 'fun overridePendingTransition(p0: Int, p1: Int): Unit' is deprecated. Deprecated in Java.
w: file:///C:/Users/juanp/OneDrive/Escritorio/CashLens/node_modules/expo-dev-launcher/android/src/debug/java/expo/modules/devlauncher/launcher/DevLauncherRecentlyOpenedAppsRegistry.kt:33:47 Unchecked cast of 'MutableMap<Any?, Any?>' to 'MutableMap<String, Any>'.
w: file:///C:/Users/juanp/OneDrive/Escritorio/CashLens/node_modules/expo-dev-launcher/android/src/debug/java/expo/modules/devlauncher/launcher/DevLauncherRecentlyOpenedAppsRegistry.kt:51:27 'fun getRawJson(): JSONObject' is deprecated. Prefer to use specific field getters.
w: file:///C:/Users/juanp/OneDrive/Escritorio/CashLens/node_modules/expo-dev-launcher/android/src/debug/java/expo/modules/devlauncher/launcher/configurators/DevLauncherExpoActivityConfigurator.kt:37:23 'constructor(p0: String!, p1: Bitmap!, p2: Int): ActivityManager.TaskDescription' is deprecated. Deprecated in Java.
w: file:///C:/Users/juanp/OneDrive/Escritorio/CashLens/node_modules/expo-dev-launcher/android/src/debug/java/expo/modules/devlauncher/launcher/configurators/DevLauncherExpoActivityConfigurator.kt:63:61 'static field FLAG_TRANSLUCENT_STATUS: Int' is deprecated. Deprecated in Java.
w: file:///C:/Users/juanp/OneDrive/Escritorio/CashLens/node_modules/expo-dev-launcher/android/src/debug/java/expo/modules/devlauncher/launcher/configurators/DevLauncherExpoActivityConfigurator.kt:92:45 'var systemUiVisibility: Int' is deprecated. Deprecated in Java.
w: file:///C:/Users/juanp/OneDrive/Escritorio/CashLens/node_modules/expo-dev-launcher/android/src/debug/java/expo/modules/devlauncher/launcher/configurators/DevLauncherExpoActivityConfigurator.kt:95:68 'static field SYSTEM_UI_FLAG_LIGHT_STATUS_BAR: Int' is deprecated. Deprecated in Java.
w: file:///C:/Users/juanp/OneDrive/Escritorio/CashLens/node_modules/expo-dev-launcher/android/src/debug/java/expo/modules/devlauncher/launcher/configurators/DevLauncherExpoActivityConfigurator.kt:99:67 'static field SYSTEM_UI_FLAG_LIGHT_STATUS_BAR: Int' is deprecated. Deprecated in Java.
w: file:///C:/Users/juanp/OneDrive/Escritorio/CashLens/node_modules/expo-dev-launcher/android/src/debug/java/expo/modules/devlauncher/launcher/configurators/DevLauncherExpoActivityConfigurator.kt:103:67 'static field SYSTEM_UI_FLAG_LIGHT_STATUS_BAR: Int' is deprecated. Deprecated in Java.
w: file:///C:/Users/juanp/OneDrive/Escritorio/CashLens/node_modules/expo-dev-launcher/android/src/debug/java/expo/modules/devlauncher/launcher/configurators/DevLauncherExpoActivityConfigurator.kt:107:15 'var systemUiVisibility: Int' is deprecated. Deprecated in Java.
w: file:///C:/Users/juanp/OneDrive/Escritorio/CashLens/node_modules/expo-dev-launcher/android/src/debug/java/expo/modules/devlauncher/launcher/configurators/DevLauncherExpoActivityConfigurator.kt:115:59 'static field FLAG_FULLSCREEN: Int' is deprecated. Deprecated in Java.
w: file:///C:/Users/juanp/OneDrive/Escritorio/CashLens/node_modules/expo-dev-launcher/android/src/debug/java/expo/modules/devlauncher/launcher/configurators/DevLauncherExpoActivityConfigurator.kt:116:61 'static field FLAG_FORCE_NOT_FULLSCREEN: Int' is deprecated. Deprecated in Java.
w: file:///C:/Users/juanp/OneDrive/Escritorio/CashLens/node_modules/expo-dev-launcher/android/src/debug/java/expo/modules/devlauncher/launcher/configurators/DevLauncherExpoActivityConfigurator.kt:118:59 'static field FLAG_FORCE_NOT_FULLSCREEN: Int' is deprecated. Deprecated in Java.
w: file:///C:/Users/juanp/OneDrive/Escritorio/CashLens/node_modules/expo-dev-launcher/android/src/debug/java/expo/modules/devlauncher/launcher/configurators/DevLauncherExpoActivityConfigurator.kt:119:61 'static field FLAG_FULLSCREEN: Int' is deprecated. Deprecated in Java.
w: file:///C:/Users/juanp/OneDrive/Escritorio/CashLens/node_modules/expo-dev-launcher/android/src/debug/java/expo/modules/devlauncher/launcher/configurators/DevLauncherExpoActivityConfigurator.kt:131:23 'fun replaceSystemWindowInsets(p0: Int, p1: Int, p2: Int, p3: Int): WindowInsets' is deprecated. Deprecated in Java.
w: file:///C:/Users/juanp/OneDrive/Escritorio/CashLens/node_modules/expo-dev-launcher/android/src/debug/java/expo/modules/devlauncher/launcher/configurators/DevLauncherExpoActivityConfigurator.kt:132:25 'val systemWindowInsetLeft: Int' is deprecated. Deprecated in Java.
w: file:///C:/Users/juanp/OneDrive/Escritorio/CashLens/node_modules/expo-dev-launcher/android/src/debug/java/expo/modules/devlauncher/launcher/configurators/DevLauncherExpoActivityConfigurator.kt:134:25 'val systemWindowInsetRight: Int' is deprecated. Deprecated in Java.
w: file:///C:/Users/juanp/OneDrive/Escritorio/CashLens/node_modules/expo-dev-launcher/android/src/debug/java/expo/modules/devlauncher/launcher/configurators/DevLauncherExpoActivityConfigurator.kt:135:25 'val systemWindowInsetBottom: Int' is deprecated. Deprecated in Java.
w: file:///C:/Users/juanp/OneDrive/Escritorio/CashLens/node_modules/expo-dev-launcher/android/src/debug/java/expo/modules/devlauncher/launcher/configurators/DevLauncherExpoActivityConfigurator.kt:150:15 'var statusBarColor: Int' is deprecated. Deprecated in Java.
w: file:///C:/Users/juanp/OneDrive/Escritorio/CashLens/node_modules/expo-dev-launcher/android/src/debug/java/expo/modules/devlauncher/launcher/configurators/DevLauncherExpoActivityConfigurator.kt:160:63 'static field FLAG_TRANSLUCENT_NAVIGATION: Int' is deprecated. Deprecated in Java.
w: file:///C:/Users/juanp/OneDrive/Escritorio/CashLens/node_modules/expo-dev-launcher/android/src/debug/java/expo/modules/devlauncher/launcher/configurators/DevLauncherExpoActivityConfigurator.kt:161:25 'var navigationBarColor: Int' is deprecated. Deprecated in Java.
w: file:///C:/Users/juanp/OneDrive/Escritorio/CashLens/node_modules/expo-dev-launcher/android/src/debug/java/expo/modules/devlauncher/launcher/configurators/DevLauncherExpoActivityConfigurator.kt:171:63 'static field FLAG_TRANSLUCENT_NAVIGATION: Int' is deprecated. Deprecated in Java.
w: file:///C:/Users/juanp/OneDrive/Escritorio/CashLens/node_modules/expo-dev-launcher/android/src/debug/java/expo/modules/devlauncher/launcher/configurators/DevLauncherExpoActivityConfigurator.kt:175:33 'var systemUiVisibility: Int' is deprecated. Deprecated in Java.
w: file:///C:/Users/juanp/OneDrive/Escritorio/CashLens/node_modules/expo-dev-launcher/android/src/debug/java/expo/modules/devlauncher/launcher/configurators/DevLauncherExpoActivityConfigurator.kt:176:33 'static field SYSTEM_UI_FLAG_LIGHT_NAVIGATION_BAR: Int' is deprecated. Deprecated in Java.
w: file:///C:/Users/juanp/OneDrive/Escritorio/CashLens/node_modules/expo-dev-launcher/android/src/debug/java/expo/modules/devlauncher/launcher/configurators/DevLauncherExpoActivityConfigurator.kt:177:21 'var systemUiVisibility: Int' is deprecated. Deprecated in Java.
w: file:///C:/Users/juanp/OneDrive/Escritorio/CashLens/node_modules/expo-dev-launcher/android/src/debug/java/expo/modules/devlauncher/launcher/configurators/DevLauncherExpoActivityConfigurator.kt:190:29 'var systemUiVisibility: Int' is deprecated. Deprecated in Java.
w: file:///C:/Users/juanp/OneDrive/Escritorio/CashLens/node_modules/expo-dev-launcher/android/src/debug/java/expo/modules/devlauncher/launcher/configurators/DevLauncherExpoActivityConfigurator.kt:191:62 'static field SYSTEM_UI_FLAG_HIDE_NAVIGATION: Int' is deprecated. Deprecated in Java.
w: file:///C:/Users/juanp/OneDrive/Escritorio/CashLens/node_modules/expo-dev-launcher/android/src/debug/java/expo/modules/devlauncher/launcher/configurators/DevLauncherExpoActivityConfigurator.kt:191:101 'static field SYSTEM_UI_FLAG_FULLSCREEN: Int' is deprecated. Deprecated in Java.
w: file:///C:/Users/juanp/OneDrive/Escritorio/CashLens/node_modules/expo-dev-launcher/android/src/debug/java/expo/modules/devlauncher/launcher/configurators/DevLauncherExpoActivityConfigurator.kt:192:63 'static field SYSTEM_UI_FLAG_HIDE_NAVIGATION: Int' is deprecated. Deprecated in Java.
w: file:///C:/Users/juanp/OneDrive/Escritorio/CashLens/node_modules/expo-dev-launcher/android/src/debug/java/expo/modules/devlauncher/launcher/configurators/DevLauncherExpoActivityConfigurator.kt:192:102 'static field SYSTEM_UI_FLAG_FULLSCREEN: Int' is deprecated. Deprecated in Java.
w: file:///C:/Users/juanp/OneDrive/Escritorio/CashLens/node_modules/expo-dev-launcher/android/src/debug/java/expo/modules/devlauncher/launcher/configurators/DevLauncherExpoActivityConfigurator.kt:192:136 'static field SYSTEM_UI_FLAG_IMMERSIVE: Int' is deprecated. Deprecated in Java.
w: file:///C:/Users/juanp/OneDrive/Escritorio/CashLens/node_modules/expo-dev-launcher/android/src/debug/java/expo/modules/devlauncher/launcher/configurators/DevLauncherExpoActivityConfigurator.kt:193:70 'static field SYSTEM_UI_FLAG_HIDE_NAVIGATION: Int' is deprecated. Deprecated in Java.
w: file:///C:/Users/juanp/OneDrive/Escritorio/CashLens/node_modules/expo-dev-launcher/android/src/debug/java/expo/modules/devlauncher/launcher/configurators/DevLauncherExpoActivityConfigurator.kt:193:109 'static field SYSTEM_UI_FLAG_FULLSCREEN: Int' is deprecated. Deprecated in Java.
w: file:///C:/Users/juanp/OneDrive/Escritorio/CashLens/node_modules/expo-dev-launcher/android/src/debug/java/expo/modules/devlauncher/launcher/configurators/DevLauncherExpoActivityConfigurator.kt:193:143 'static field SYSTEM_UI_FLAG_IMMERSIVE_STICKY: Int' is deprecated. Deprecated in Java.
w: file:///C:/Users/juanp/OneDrive/Escritorio/CashLens/node_modules/expo-dev-launcher/android/src/debug/java/expo/modules/devlauncher/launcher/configurators/DevLauncherExpoActivityConfigurator.kt:196:17 'var systemUiVisibility: Int' is deprecated. Deprecated in Java.
w: file:///C:/Users/juanp/OneDrive/Escritorio/CashLens/node_modules/expo-dev-launcher/android/src/debug/java/expo/modules/devlauncher/modules/DevLauncherModule.kt:14:29 'fun getRawJson(): JSONObject' is deprecated. Prefer to use specific field getters.
w: file:///C:/Users/juanp/OneDrive/Escritorio/CashLens/node_modules/expo-dev-launcher/android/src/debug/java/expo/modules/devlauncher/react/DevLauncherBridgelessDevSupportManager.kt:44:38 This code uses error suppression for 'NOTHING_TO_OVERRIDE'. While it might compile and work, the compiler behavior is UNSPECIFIED and WILL NOT BE PRESERVED. Please report your use case to the Kotlin issue tracker instead: https://kotl.in/issue
w: file:///C:/Users/juanp/OneDrive/Escritorio/CashLens/node_modules/expo-dev-launcher/android/src/debug/java/expo/modules/devlauncher/react/DevLauncherDevSupportManagerFactory.kt:16:16 This declaration overrides a deprecated member but is not marked as deprecated itself. Add the '@Deprecated' annotation or suppress the diagnostic.
w: file:///C:/Users/juanp/OneDrive/Escritorio/CashLens/node_modules/expo-dev-launcher/android/src/main/java/expo/modules/devlauncher/DevLauncherPackage.kt:15:16 This declaration overrides a deprecated member but is not marked as deprecated itself. Add the '@Deprecated' annotation or suppress the diagnostic.

> Task :react-native-worklets-core:buildCMakeDebug[x86_64]
C/C++: ninja: Entering directory `C:\Users\juanp\OneDrive\Escritorio\CashLens\node_modules\react-native-worklets-core\android\.cxx\Debug\59b6q221\x86_64'
C/C++: In file included from C:/Users/juanp/OneDrive/Escritorio/CashLens/node_modules/react-native-worklets-core/android/cpp-adapter.cpp:6:
C/C++: In file included from C:/Users/juanp/OneDrive/Escritorio/CashLens/node_modules/react-native-worklets-core/android/../cpp/WKTJsiWorkletApi.h:14:
C/C++: In file included from C:/Users/juanp/OneDrive/Escritorio/CashLens/node_modules/react-native-worklets-core/android/../cpp/sharedvalues/WKTJsiSharedValue.h:8:
C/C++: C:/Users/juanp/OneDrive/Escritorio/CashLens/node_modules/react-native-worklets-core/android/../cpp/WKTJsiDispatcher.h:97:22: warning: exception of type 'const std::runtime_error &' will be caught by earlier handler [-Wexceptions]
C/C++:    97 |       } catch (const std::runtime_error &err) {
C/C++:       |                      ^
C/C++: C:/Users/juanp/OneDrive/Escritorio/CashLens/node_modules/react-native-worklets-core/android/../cpp/WKTJsiDispatcher.h:94:22: note: for type 'const std::exception &'
C/C++:    94 |       } catch (const std::exception &err) {
C/C++:       |                      ^
C/C++: 1 warning generated.
C/C++: In file included from C:/Users/juanp/OneDrive/Escritorio/CashLens/node_modules/react-native-worklets-core/cpp/WKTJsiWorkletApi.cpp:1:
C/C++: In file included from C:/Users/juanp/OneDrive/Escritorio/CashLens/node_modules/react-native-worklets-core/cpp/WKTJsiWorkletApi.h:14:
C/C++: In file included from C:/Users/juanp/OneDrive/Escritorio/CashLens/node_modules/react-native-worklets-core/android/../cpp/sharedvalues/WKTJsiSharedValue.h:8:
C/C++: C:/Users/juanp/OneDrive/Escritorio/CashLens/node_modules/react-native-worklets-core/android/../cpp/WKTJsiDispatcher.h:97:22: warning: exception of type 'const std::runtime_error &' will be caught by earlier handler [-Wexceptions]
C/C++:    97 |       } catch (const std::runtime_error &err) {
C/C++:       |                      ^
C/C++: C:/Users/juanp/OneDrive/Escritorio/CashLens/node_modules/react-native-worklets-core/android/../cpp/WKTJsiDispatcher.h:94:22: note: for type 'const std::exception &'
C/C++:    94 |       } catch (const std::exception &err) {
C/C++:       |                      ^
C/C++: 1 warning generated.
C/C++: In file included from C:/Users/juanp/OneDrive/Escritorio/CashLens/node_modules/react-native-worklets-core/cpp/WKTJsiWorkletContext.cpp:3:
C/C++: In file included from C:/Users/juanp/OneDrive/Escritorio/CashLens/node_modules/react-native-worklets-core/cpp/WKTJsiWorkletApi.h:14:
C/C++: In file included from C:/Users/juanp/OneDrive/Escritorio/CashLens/node_modules/react-native-worklets-core/android/../cpp/sharedvalues/WKTJsiSharedValue.h:8:
C/C++: C:/Users/juanp/OneDrive/Escritorio/CashLens/node_modules/react-native-worklets-core/android/../cpp/WKTJsiDispatcher.h:97:22: warning: exception of type 'const std::runtime_error &' will be caught by earlier handler [-Wexceptions]
C/C++:    97 |       } catch (const std::runtime_error &err) {
C/C++:       |                      ^
C/C++: C:/Users/juanp/OneDrive/Escritorio/CashLens/node_modules/react-native-worklets-core/android/../cpp/WKTJsiDispatcher.h:94:22: note: for type 'const std::exception &'
C/C++:    94 |       } catch (const std::exception &err) {
C/C++:       |                      ^
C/C++: 1 warning generated.

> Task :react-native-worklets:configureCMakeDebug[x86]
> Task :expo-dev-launcher:compileDebugJavaWithJavac
> Task :expo-dev-launcher:processDebugJavaRes
> Task :expo-dev-launcher:bundleLibCompileToJarDebug
> Task :expo-dev-launcher:bundleLibRuntimeToJarDebug
> Task :react-native-worklets:buildCMakeDebug[x86][worklets]
> Task :react-native-worklets-core:externalNativeBuildDebug
> Task :react-native-worklets-core:generateJsonModelDebug
> Task :react-native-worklets-core:prefabDebugConfigurePackage
> Task :react-native-worklets-core:prefabDebugPackage
> Task :react-native-worklets-core:mergeDebugJniLibFolders

> Task :react-native-vision-camera:configureCMakeDebug[arm64-v8a]
C/C++: VisionCamera: Frame Processors: ON!
C/C++: VisionCamera: Linking react-native-worklets...

> Task :react-native-vision-camera:configureCMakeDebug[armeabi-v7a]
C/C++: VisionCamera: Frame Processors: ON!
C/C++: VisionCamera: Linking react-native-worklets...

> Task :expo:compileDebugKotlin
w: file:///C:/Users/juanp/OneDrive/Escritorio/CashLens/node_modules/expo/android/src/main/java/expo/modules/ExpoModulesPackage.kt:34:16 This declaration overrides a deprecated member but is not marked as deprecated itself. Add the '@Deprecated' annotation or suppress the diagnostic.
w: file:///C:/Users/juanp/OneDrive/Escritorio/CashLens/node_modules/expo/android/src/main/java/expo/modules/ReactActivityDelegateWrapper.kt:22:8 'class ReactInstanceManager : Any' is deprecated. Deprecated in Java.
w: file:///C:/Users/juanp/OneDrive/Escritorio/CashLens/node_modules/expo/android/src/main/java/expo/modules/ReactActivityDelegateWrapper.kt:102:16 This declaration overrides a deprecated member but is not marked as deprecated itself. Add the '@Deprecated' annotation or suppress the diagnostic.
w: file:///C:/Users/juanp/OneDrive/Escritorio/CashLens/node_modules/expo/android/src/main/java/expo/modules/ReactActivityDelegateWrapper.kt:102:43 'class ReactInstanceManager : Any' is deprecated. Deprecated in Java.
w: file:///C:/Users/juanp/OneDrive/Escritorio/CashLens/node_modules/expo/android/src/main/java/expo/modules/ReactActivityDelegateWrapper.kt:103:21 'val reactInstanceManager: ReactInstanceManager' is deprecated. Deprecated in Java.
w: file:///C:/Users/juanp/OneDrive/Escritorio/CashLens/node_modules/expo/android/src/main/java/expo/modules/fetch/ExpoFetchModule.kt:31:39 'constructor(reactContext: ReactContext): ForwardingCookieHandler' is deprecated. Use the default constructor.
w: file:///C:/Users/juanp/OneDrive/Escritorio/CashLens/node_modules/expo/android/src/main/java/expo/modules/fetch/NativeResponse.kt:42:16 This declaration overrides a deprecated member but is not marked as deprecated itself. Add the '@Deprecated' annotation or suppress the diagnostic.
w: file:///C:/Users/juanp/OneDrive/Escritorio/CashLens/node_modules/expo/android/src/main/java/expo/modules/fetch/NativeResponse.kt:44:11 'fun deallocate(): Unit' is deprecated. Use sharedObjectDidRelease() instead.

> Task :react-native-worklets-core:mergeDebugNativeLibs

> Task :react-native-vision-camera:configureCMakeDebug[x86]
C/C++: VisionCamera: Frame Processors: ON!
C/C++: VisionCamera: Linking react-native-worklets...

> Task :react-native-vision-camera:configureCMakeDebug[x86_64]
C/C++: VisionCamera: Frame Processors: ON!
C/C++: VisionCamera: Linking react-native-worklets...

> Task :react-native-vision-camera:generateJsonModelDebug
> Task :react-native-vision-camera:prefabDebugConfigurePackage
> Task :react-native-worklets-core:copyDebugJniLibsProjectOnly
> Task :expo:compileDebugJavaWithJavac
> Task :expo:processDebugJavaRes
> Task :expo:bundleLibCompileToJarDebug
> Task :expo:bundleLibRuntimeToJarDebug
> Task :react-native-worklets:configureCMakeDebug[x86_64]
> Task :react-native-vision-camera:buildCMakeDebug[arm64-v8a]
> Task :app:compileDebugKotlin
> Task :app:mergeLibDexDebug
> Task :app:compileDebugJavaWithJavac
> Task :app:processDebugJavaRes
> Task :vision-camera-resize-plugin:configureCMakeDebug[arm64-v8a]
> Task :app:transformDebugClassesWithAsm
> Task :react-native-worklets:buildCMakeDebug[x86_64][worklets]
> Task :react-native-vision-camera:buildCMakeDebug[armeabi-v7a]
> Task :app:dexBuilderDebug
> Task :app:mergeDebugJavaResource
> Task :app:mergeDebugGlobalSynthetics
> Task :app:mergeProjectDexDebug
> Task :react-native-vision-camera:buildCMakeDebug[x86]
> Task :react-native-vision-camera:buildCMakeDebug[x86_64]
> Task :react-native-vision-camera:externalNativeBuildDebug
> Task :react-native-vision-camera:prefabDebugPackage
> Task :react-native-vision-camera:mergeDebugNativeLibs
> Task :react-native-vision-camera:copyDebugJniLibsProjectOnly

> Task :vision-camera-resize-plugin:buildCMakeDebug[arm64-v8a]
C/C++: ninja: Entering directory `C:\Users\juanp\OneDrive\Escritorio\CashLens\node_modules\vision-camera-resize-plugin\android\.cxx\Debug\3i2m6s5u\arm64-v8a'
C/C++: C:/Users/juanp/OneDrive/Escritorio/CashLens/node_modules/vision-camera-resize-plugin/android/src/main/cpp/ResizePlugin.cpp:228:88: warning: format specifies type 'size_t' (aka 'unsigned long') but the argument has type 'int' [-Wformat]
C/C++:   228 |   __android_log_print(ANDROID_LOG_INFO, TAG, "Rotating ARGB buffer by %zu degrees...", static_cast<int>(rotation));
C/C++:       |                                                                       ~~~              ^~~~~~~~~~~~~~~~~~~~~~~~~~
C/C++:       |                                                                       %d
C/C++: C:/Users/juanp/OneDrive/Escritorio/CashLens/node_modules/vision-camera-resize-plugin/android/src/main/cpp/ResizePlugin.cpp:308:95: warning: format specifies type 'size_t' (aka 'unsigned long') but the argument has underlying type 'unsigned int' [-Wformat]
C/C++:   308 |   __android_log_print(ANDROID_LOG_INFO, TAG, "Converting ARGB Buffer to Pixel Format %zu...", pixelFormat);
C/C++:       |                                                                                      ~~~      ^~~~~~~~~~~
C/C++:       |                                                                                      %u
C/C++: C:/Users/juanp/OneDrive/Escritorio/CashLens/node_modules/vision-camera-resize-plugin/android/src/main/cpp/ResizePlugin.cpp:366:92: warning: format specifies type 'size_t' (aka 'unsigned long') but the argument has underlying type 'unsigned int' [-Wformat]
C/C++:   366 |   __android_log_print(ANDROID_LOG_INFO, TAG, "Converting ARGB Buffer to Data Type %zu...", dataType);
C/C++:       |                                                                                   ~~~      ^~~~~~~~
C/C++:       |                                                                                   %u
C/C++: 3 warnings generated.

> Task :vision-camera-resize-plugin:configureCMakeDebug[armeabi-v7a]
> Task :react-native-worklets:externalNativeBuildDebug
> Task :react-native-worklets:generateJsonModelDebug
> Task :react-native-worklets:prefabDebugConfigurePackage
> Task :react-native-worklets:prefabDebugPackage
> Task :react-native-worklets:mergeDebugJniLibFolders
> Task :react-native-reanimated:configureCMakeDebug[arm64-v8a]
> Task :expo-modules-core:configureCMakeDebug[arm64-v8a]
> Task :react-native-reanimated:configureCMakeDebug[armeabi-v7a]
> Task :react-native-reanimated:configureCMakeDebug[x86]
> Task :vision-camera-resize-plugin:buildCMakeDebug[armeabi-v7a]
> Task :react-native-reanimated:configureCMakeDebug[x86_64]
> Task :react-native-reanimated:generateJsonModelDebug
> Task :react-native-reanimated:prefabDebugConfigurePackage
> Task :vision-camera-resize-plugin:configureCMakeDebug[x86]
> Task :react-native-worklets:mergeDebugNativeLibs
> Task :react-native-worklets:copyDebugJniLibsProjectOnly
> Task :vision-camera-resize-plugin:buildCMakeDebug[x86]
> Task :vision-camera-resize-plugin:configureCMakeDebug[x86_64]

> Task :vision-camera-resize-plugin:buildCMakeDebug[x86_64]
C/C++: ninja: Entering directory `C:\Users\juanp\OneDrive\Escritorio\CashLens\node_modules\vision-camera-resize-plugin\android\.cxx\Debug\3i2m6s5u\x86_64'
C/C++: C:/Users/juanp/OneDrive/Escritorio/CashLens/node_modules/vision-camera-resize-plugin/android/src/main/cpp/ResizePlugin.cpp:228:88: warning: format specifies type 'size_t' (aka 'unsigned long') but the argument has type 'int' [-Wformat]
C/C++:   228 |   __android_log_print(ANDROID_LOG_INFO, TAG, "Rotating ARGB buffer by %zu degrees...", static_cast<int>(rotation));
C/C++:       |                                                                       ~~~              ^~~~~~~~~~~~~~~~~~~~~~~~~~
C/C++:       |                                                                       %d
C/C++: C:/Users/juanp/OneDrive/Escritorio/CashLens/node_modules/vision-camera-resize-plugin/android/src/main/cpp/ResizePlugin.cpp:308:95: warning: format specifies type 'size_t' (aka 'unsigned long') but the argument has underlying type 'unsigned int' [-Wformat]
C/C++:   308 |   __android_log_print(ANDROID_LOG_INFO, TAG, "Converting ARGB Buffer to Pixel Format %zu...", pixelFormat);
C/C++:       |                                                                                      ~~~      ^~~~~~~~~~~
C/C++:       |                                                                                      %u
C/C++: C:/Users/juanp/OneDrive/Escritorio/CashLens/node_modules/vision-camera-resize-plugin/android/src/main/cpp/ResizePlugin.cpp:366:92: warning: format specifies type 'size_t' (aka 'unsigned long') but the argument has underlying type 'unsigned int' [-Wformat]
C/C++:   366 |   __android_log_print(ANDROID_LOG_INFO, TAG, "Converting ARGB Buffer to Data Type %zu...", dataType);
C/C++:       |                                                                                   ~~~      ^~~~~~~~
C/C++:       |                                                                                   %u
C/C++: 3 warnings generated.

> Task :vision-camera-resize-plugin:mergeDebugNativeLibs
> Task :vision-camera-resize-plugin:copyDebugJniLibsProjectOnly
> Task :expo-modules-core:buildCMakeDebug[arm64-v8a]
> Task :react-native-reanimated:buildCMakeDebug[arm64-v8a][reanimated]
> Task :app:configureCMakeDebug[arm64-v8a]
> Task :expo-modules-core:configureCMakeDebug[armeabi-v7a]
> Task :expo-modules-core:buildCMakeDebug[armeabi-v7a]
> Task :expo-modules-core:configureCMakeDebug[x86]
> Task :expo-modules-core:buildCMakeDebug[x86]
> Task :expo-modules-core:configureCMakeDebug[x86_64]
> Task :react-native-reanimated:buildCMakeDebug[armeabi-v7a][reanimated]
> Task :expo-modules-core:buildCMakeDebug[x86_64]
> Task :expo-modules-core:mergeDebugNativeLibs
> Task :expo-modules-core:copyDebugJniLibsProjectOnly
> Task :react-native-reanimated:buildCMakeDebug[x86][reanimated]
> Task :react-native-reanimated:buildCMakeDebug[x86_64][reanimated]
> Task :react-native-reanimated:externalNativeBuildDebug
> Task :react-native-reanimated:prefabDebugPackage
> Task :react-native-reanimated:mergeDebugNativeLibs

> Task :app:configureCMakeDebug[arm64-v8a]
C/C++: CMake Warning in C:/Users/juanp/OneDrive/Escritorio/CashLens/node_modules/vision-camera-resize-plugin/android/build/generated/source/codegen/jni/CMakeLists.txt:
C/C++:   The object file directory
C/C++:     C:/Users/juanp/OneDrive/Escritorio/CashLens/android/app/.cxx/Debug/xw660696/arm64-v8a/RNVisionCameraResizePluginSpec_autolinked_build/CMakeFiles/react_codegen_RNVisionCameraResizePluginSpec.dir/./
C/C++:   has 196 characters.  The maximum full path to an object file is 250
C/C++:   characters (see CMAKE_OBJECT_PATH_MAX).  Object file
C/C++:     react/renderer/components/RNVisionCameraResizePluginSpec/ComponentDescriptors.cpp.o
C/C++:   cannot be safely placed under this directory.  The build may not work
C/C++:   correctly.

> Task :react-native-reanimated:copyDebugJniLibsProjectOnly
> Task :app:buildCMakeDebug[arm64-v8a]

> Task :app:configureCMakeDebug[armeabi-v7a]
C/C++: CMake Warning in C:/Users/juanp/OneDrive/Escritorio/CashLens/node_modules/vision-camera-resize-plugin/android/build/generated/source/codegen/jni/CMakeLists.txt:
C/C++:   The object file directory
C/C++:     C:/Users/juanp/OneDrive/Escritorio/CashLens/android/app/.cxx/Debug/xw660696/armeabi-v7a/RNVisionCameraResizePluginSpec_autolinked_build/CMakeFiles/react_codegen_RNVisionCameraResizePluginSpec.dir/./
C/C++:   has 198 characters.  The maximum full path to an object file is 250
C/C++:   characters (see CMAKE_OBJECT_PATH_MAX).  Object file
C/C++:     react/renderer/components/RNVisionCameraResizePluginSpec/ComponentDescriptors.cpp.o
C/C++:   cannot be safely placed under this directory.  The build may not work
C/C++:   correctly.

> Task :app:buildCMakeDebug[armeabi-v7a]
> Task :app:configureCMakeDebug[x86]
> Task :app:buildCMakeDebug[x86]

> Task :app:configureCMakeDebug[x86_64]
C/C++: CMake Warning in C:/Users/juanp/OneDrive/Escritorio/CashLens/node_modules/vision-camera-resize-plugin/android/build/generated/source/codegen/jni/CMakeLists.txt:
C/C++:   The object file directory
C/C++:     C:/Users/juanp/OneDrive/Escritorio/CashLens/android/app/.cxx/Debug/xw660696/x86_64/RNVisionCameraResizePluginSpec_autolinked_build/CMakeFiles/react_codegen_RNVisionCameraResizePluginSpec.dir/./
C/C++:   has 193 characters.  The maximum full path to an object file is 250
C/C++:   characters (see CMAKE_OBJECT_PATH_MAX).  Object file
C/C++:     react/renderer/components/RNVisionCameraResizePluginSpec/ComponentDescriptors.cpp.o
C/C++:   cannot be safely placed under this directory.  The build may not work
C/C++:   correctly.

> Task :app:buildCMakeDebug[x86_64]
> Task :app:mergeDebugNativeLibs
> Task :app:stripDebugDebugSymbols
> Task :app:packageDebug
> Task :app:createDebugApkListingFileRedirect
> Task :app:installDebug FAILED

[Incubating] Problems report is available at: file:///C:/Users/juanp/OneDrive/Escritorio/CashLens/android/build/reports/problems/problems-report.html


FAILURE: Build failed with an exception.

* What went wrong:
Execution failed for task ':app:installDebug'.
> com.android.builder.testing.api.DeviceException: No connected devices!

* Try:
> Run with --stacktrace option to get the stack trace.
> Run with --info or --debug option to get more log output.
> Run with --scan to generate a Build Scan (Powered by Develocity).
> Get more help at https://help.gradle.org.
Deprecated Gradle features were used in this build, making it incompatible with Gradle 10.

You can use '--warning-mode all' to show the individual deprecation warnings and determine if they come from your own scripts or plugins.

For more on this, please refer to https://docs.gradle.org/9.0.0/userguide/command_line_interface.html#sec:command_line_warnings in the Gradle documentation.

BUILD FAILED in 24m 55s
535 actionable tasks: 503 executed, 32 up-to-date
